Archive member included because of file (symbol)

C:\Users\Administrator\AppData\Local\Temp\VMBuilds\LoRa_Roll_Film\stm32_genericSTM32F103R\Release/core.a(exc.S.o)
                              (__exc_hardfault)
C:\Users\Administrator\AppData\Local\Temp\VMBuilds\LoRa_Roll_Film\stm32_genericSTM32F103R\Release/core.a(isrs.S.o)
                              (__stm32reservedexception7)
C:\Users\Administrator\AppData\Local\Temp\VMBuilds\LoRa_Roll_Film\stm32_genericSTM32F103R\Release/core.a(vector_table.S.o)
                              (__stm32_vector_table)
C:\Users\Administrator\AppData\Local\Temp\VMBuilds\LoRa_Roll_Film\stm32_genericSTM32F103R\Release/core.a(adc.c.o)
                              C:\Users\Administrator\AppData\Local\Temp\VMBCore\arduino16x\a25b0c93d50495b56da79188cbb05a7a\variant\boards.cpp.o (adc_set_sample_rate)
C:\Users\Administrator\AppData\Local\Temp\VMBuilds\LoRa_Roll_Film\stm32_genericSTM32F103R\Release/core.a(adc_f1.c.o)
                              C:\Users\Administrator\AppData\Local\Temp\VMBCore\arduino16x\a25b0c93d50495b56da79188cbb05a7a\variant\boards.cpp.o (adc_set_prescaler)
C:\Users\Administrator\AppData\Local\Temp\VMBuilds\LoRa_Roll_Film\stm32_genericSTM32F103R\Release/core.a(bkp_f1.c.o)
                              LoRa_Roll_Film.cpp.o (bkp_init)
C:\Users\Administrator\AppData\Local\Temp\VMBuilds\LoRa_Roll_Film\stm32_genericSTM32F103R\Release/core.a(flash.c.o)
                              C:\Users\Administrator\AppData\Local\Temp\VMBCore\arduino16x\a25b0c93d50495b56da79188cbb05a7a\variant\boards.cpp.o (flash_set_latency)
C:\Users\Administrator\AppData\Local\Temp\VMBuilds\LoRa_Roll_Film\stm32_genericSTM32F103R\Release/core.a(gpio_f1.c.o)
                              C:\Users\Administrator\AppData\Local\Temp\VMBCore\arduino16x\a25b0c93d50495b56da79188cbb05a7a\variant\boards_setup.cpp.o (gpio_init_all)
C:\Users\Administrator\AppData\Local\Temp\VMBuilds\LoRa_Roll_Film\stm32_genericSTM32F103R\Release/core.a(iwdg.c.o)
                              LoRa_Roll_Film.cpp.o (iwdg_init)
C:\Users\Administrator\AppData\Local\Temp\VMBuilds\LoRa_Roll_Film\stm32_genericSTM32F103R\Release/core.a(nvic.c.o)
                              C:\Users\Administrator\AppData\Local\Temp\VMBCore\arduino16x\a25b0c93d50495b56da79188cbb05a7a\variant\boards.cpp.o (nvic_init)
C:\Users\Administrator\AppData\Local\Temp\VMBuilds\LoRa_Roll_Film\stm32_genericSTM32F103R\Release/core.a(rcc.c.o)
                              C:\Users\Administrator\AppData\Local\Temp\VMBCore\arduino16x\a25b0c93d50495b56da79188cbb05a7a\variant\boards.cpp.o (rcc_switch_sysclk)
C:\Users\Administrator\AppData\Local\Temp\VMBuilds\LoRa_Roll_Film\stm32_genericSTM32F103R\Release/core.a(rcc_f1.c.o)
                              C:\Users\Administrator\AppData\Local\Temp\VMBCore\arduino16x\a25b0c93d50495b56da79188cbb05a7a\variant\boards.cpp.o (rcc_configure_pll)
C:\Users\Administrator\AppData\Local\Temp\VMBuilds\LoRa_Roll_Film\stm32_genericSTM32F103R\Release/core.a(systick.c.o)
                              C:\Users\Administrator\AppData\Local\Temp\VMBCore\arduino16x\a25b0c93d50495b56da79188cbb05a7a\variant\boards.cpp.o (systick_init)
C:\Users\Administrator\AppData\Local\Temp\VMBuilds\LoRa_Roll_Film\stm32_genericSTM32F103R\Release/core.a(timer.c.o)
                              C:\Users\Administrator\AppData\Local\Temp\VMBCore\arduino16x\a25b0c93d50495b56da79188cbb05a7a\variant\boards.cpp.o (timer_foreach)
C:\Users\Administrator\AppData\Local\Temp\VMBuilds\LoRa_Roll_Film\stm32_genericSTM32F103R\Release/core.a(usart_f1.c.o)
                              C:\Users\Administrator\AppData\Local\Temp\VMBCore\arduino16x\a25b0c93d50495b56da79188cbb05a7a\variant\board.cpp.o (UART5)
C:\Users\Administrator\AppData\Local\Temp\VMBuilds\LoRa_Roll_Film\stm32_genericSTM32F103R\Release/core.a(usart_private.c.o)
                              C:\Users\Administrator\AppData\Local\Temp\VMBuilds\LoRa_Roll_Film\stm32_genericSTM32F103R\Release/core.a(usart_f1.c.o) (_usart_clock_freq)
C:\Users\Administrator\AppData\Local\Temp\VMBuilds\LoRa_Roll_Film\stm32_genericSTM32F103R\Release/core.a(util.c.o)
                              C:\Users\Administrator\AppData\Local\Temp\VMBuilds\LoRa_Roll_Film\stm32_genericSTM32F103R\Release/core.a(exc.S.o) (__error)
C:\Users\Administrator\AppData\Local\Temp\VMBuilds\LoRa_Roll_Film\stm32_genericSTM32F103R\Release/core.a(ext_interrupts.cpp.o)
                              LoRa_Roll_Film.cpp.o (attachInterrupt(unsigned char, void (*)(), ExtIntTriggerMode))
C:\Users\Administrator\AppData\Local\Temp\VMBuilds\LoRa_Roll_Film\stm32_genericSTM32F103R\Release/core.a(HardwareSerial.cpp.o)
                              Command_Analysis.cpp.o (HardwareSerial::read())
C:\Users\Administrator\AppData\Local\Temp\VMBuilds\LoRa_Roll_Film\stm32_genericSTM32F103R\Release/core.a(HardwareTimer.cpp.o)
                              fun_periph.cpp.o (HardwareTimer::pause())
[...]
Memory Configuration

Name             Origin             Length             Attributes
ram              0x20000000         0x0000c000         xrw
rom              0x08000000         0x00040000         xr
*default*        0x00000000         0xffffffff

Linker script and memory map

LOAD c:/users/administrator/appdata/local/arduino15/packages/arduino/tools/arm-none-eabi-gcc/4.8.3-2014q1/bin/../lib/gcc/arm-none-eabi/4.8.3/armv7-m/crti.o
LOAD c:/users/administrator/appdata/local/arduino15/packages/arduino/tools/arm-none-eabi-gcc/4.8.3-2014q1/bin/../lib/gcc/arm-none-eabi/4.8.3/armv7-m/crtbegin.o
LOAD c:/users/administrator/appdata/local/arduino15/packages/arduino/tools/arm-none-eabi-gcc/4.8.3-2014q1/bin/../lib/gcc/arm-none-eabi/4.8.3/../../../../arm-none-eabi/lib/armv7-m/crt0.o
LOAD c:/users/administrator/appdata/local/arduino15/packages/arduino/tools/arm-none-eabi-gcc/4.8.3-2014q1/bin/../lib/gcc/arm-none-eabi/4.8.3/armv7-m\libgcc.a
START GROUP
LOAD LoRa_Roll_Film.cpp.o
LOAD User_Clock.c.o
LOAD AT24CXX.cpp.o
LOAD BCD_CON.cpp.o
LOAD Command_Analysis.cpp.o
LOAD fun_periph.cpp.o
LOAD i2c.cpp.o
LOAD IAP.cpp.o
LOAD LoRa.cpp.o
LOAD Memory.cpp.o
LOAD Motor.cpp.o
LOAD Private_RTC.cpp.o
LOAD Private_Timer.cpp.o
LOAD public.cpp.o
LOAD receipt.cpp.o
LOAD Security.cpp.o
LOAD User_CRC8.cpp.o
LOAD RTClock\RTClock.cpp.o
LOAD RTClock\utility\rtc_util.c.o
LOAD C:\Users\Administrator\AppData\Local\Temp\VMBCore\arduino16x\a25b0c93d50495b56da79188cbb05a7a\variant\board.cpp.o
LOAD C:\Users\Administrator\AppData\Local\Temp\VMBCore\arduino16x\a25b0c93d50495b56da79188cbb05a7a\variant\boards.cpp.o
LOAD C:\Users\Administrator\AppData\Local\Temp\VMBCore\arduino16x\a25b0c93d50495b56da79188cbb05a7a\variant\boards_setup.cpp.o
LOAD C:\Users\Administrator\AppData\Local\Temp\VMBCore\arduino16x\a25b0c93d50495b56da79188cbb05a7a\variant\start.S.o
LOAD C:\Users\Administrator\AppData\Local\Temp\VMBCore\arduino16x\a25b0c93d50495b56da79188cbb05a7a\variant\start_c.c.o
LOAD C:\Users\Administrator\AppData\Local\Temp\VMBCore\arduino16x\a25b0c93d50495b56da79188cbb05a7a\variant\syscalls.c.o
LOAD C:\Users\Administrator\AppData\Local\Temp\VMBuilds\LoRa_Roll_Film\stm32_genericSTM32F103R\Release/core.a
END GROUP
LOAD c:/users/administrator/appdata/local/arduino15/packages/arduino/tools/arm-none-eabi-gcc/4.8.3-2014q1/bin/../lib/gcc/arm-none-eabi/4.8.3/../../../../arm-none-eabi/lib/armv7-m\libstdc++.a
LOAD c:/users/administrator/appdata/local/arduino15/packages/arduino/tools/arm-none-eabi-gcc/4.8.3-2014q1/bin/../lib/gcc/arm-none-eabi/4.8.3/../../../../arm-none-eabi/lib/armv7-m\libm.a
START GROUP
LOAD c:/users/administrator/appdata/local/arduino15/packages/arduino/tools/arm-none-eabi-gcc/4.8.3-2014q1/bin/../lib/gcc/arm-none-eabi/4.8.3/armv7-m\libgcc.a
LOAD c:/users/administrator/appdata/local/arduino15/packages/arduino/tools/arm-none-eabi-gcc/4.8.3-2014q1/bin/../lib/gcc/arm-none-eabi/4.8.3/../../../../arm-none-eabi/lib/armv7-m\libc.a
END GROUP
LOAD c:/users/administrator/appdata/local/arduino15/packages/arduino/tools/arm-none-eabi-gcc/4.8.3-2014q1/bin/../lib/gcc/arm-none-eabi/4.8.3/armv7-m/crtend.o
LOAD c:/users/administrator/appdata/local/arduino15/packages/arduino/tools/arm-none-eabi-gcc/4.8.3-2014q1/bin/../lib/gcc/arm-none-eabi/4.8.3/armv7-m/crtn.o
START GROUP
LOAD c:/users/administrator/appdata/local/arduino15/packages/arduino/tools/arm-none-eabi-gcc/4.8.3-2014q1/bin/../lib/gcc/arm-none-eabi/4.8.3/armv7-m\libgcc.a
LOAD c:/users/administrator/appdata/local/arduino15/packages/arduino/tools/arm-none-eabi-gcc/4.8.3-2014q1/bin/../lib/gcc/arm-none-eabi/4.8.3/../../../../arm-none-eabi/lib/armv7-m\libc.a
LOAD c:/users/administrator/appdata/local/arduino15/packages/arduino/tools/arm-none-eabi-gcc/4.8.3-2014q1/bin/../lib/gcc/arm-none-eabi/4.8.3/../../../../arm-none-eabi/lib/armv7-m\libm.a
END GROUP
START GROUP
LOAD c:/users/administrator/appdata/local/arduino15/packages/arduino/tools/arm-none-eabi-gcc/4.8.3-2014q1/bin/../lib/gcc/arm-none-eabi/4.8.3/../../../../arm-none-eabi/lib/armv7-m\libnosys.a
END GROUP
                0x2000c000                PROVIDE (__msp_init, (ORIGIN (ram) + 0xc000))
                0x080059a8                PROVIDE (__exc_reset, __start__)

.text           0x08000000     0x8e3c
                0x08000000                __text_start__ = .
 *(.stm32.interrupt_vector)
 .stm32.interrupt_vector
                0x08000000      0x130 C:\Users\Administrator\AppData\Local\Temp\VMBuilds\LoRa_Roll_Film\stm32_genericSTM32F103R\Release/core.a(vector_table.S.o)
                0x08000000                __stm32_vector_table
 *(.text .text.* .gnu.linkonce.t.*)
 .text          0x08000130       0x54 c:/users/administrator/appdata/local/arduino15/packages/arduino/tools/arm-none-eabi-gcc/4.8.3-2014q1/bin/../lib/gcc/arm-none-eabi/4.8.3/armv7-m/crtbegin.o
 .text._Z22Request_Access_Networkv
                0x08000184      0x11c LoRa_Roll_Film.cpp.o
                0x08000184                Request_Access_Network()
 .text._Z13Project_Debugv
                0x080002a0       0xfc LoRa_Roll_Film.cpp.o
                0x080002a0                Project_Debug()
 .text._Z5setupv
                0x0800039c      0x148 LoRa_Roll_Film.cpp.o
                0x0800039c                setup()
 .text._Z23Key_Clear_Current_Valuev
                0x080004e4       0x5c LoRa_Roll_Film.cpp.o
                0x080004e4                Key_Clear_Current_Value()
 .text._Z4loopv
                0x08000540       0x34 LoRa_Roll_Film.cpp.o
                0x08000540                loop()
 .text._ZN7AT24Cxx8I2C_InitEv
                0x08000574        0x4 AT24CXX.cpp.o
                0x08000574                AT24Cxx::I2C_Init()
 .text._ZN7AT24Cxx19AT24CXX_ReadOneByteEj
                0x08000578       0x5c AT24CXX.cpp.o
                0x08000578                AT24Cxx::AT24CXX_ReadOneByte(unsigned int)
 .text._ZN7AT24Cxx20AT24CXX_WriteOneByteEjh
                0x080005d4       0x4e AT24CXX.cpp.o
                0x080005d4                AT24Cxx::AT24CXX_WriteOneByte(unsigned int, unsigned char)
 *fill*         0x08000622        0x2 
 .text._ZN16Command_Analysis16FrameID_AnalysisEv
                0x08000624       0x5c Command_Analysis.cpp.o
                0x08000624                Command_Analysis::FrameID_Analysis()
 .text._ZN16Command_Analysis11Verify_CRC8Ehh
                0x08000680       0x28 Command_Analysis.cpp.o
                0x08000680                Command_Analysis::Verify_CRC8(unsigned char, unsigned char)
 .text._ZN16Command_Analysis21Verify_Device_Type_IDEv
                0x080006a8       0x28 Command_Analysis.cpp.o
                0x080006a8                Command_Analysis::Verify_Device_Type_ID()
 .text._ZN16Command_Analysis20Verify_Mass_CommandsEv
                0x080006d0       0x1c Command_Analysis.cpp.o
                0x080006d0                Command_Analysis::Verify_Mass_Commands()
 .text._ZN16Command_Analysis18Verify_Area_NumberEv
                0x080006ec       0x2c Command_Analysis.cpp.o
                0x080006ec                Command_Analysis::Verify_Area_Number()
 .text._ZN16Command_Analysis17Verify_Work_GroupEv
                0x08000718       0x40 Command_Analysis.cpp.o
                0x08000718                Command_Analysis::Verify_Work_Group()
 .text._ZN16Command_Analysis21Verify_Frame_ValidityEhhbb
                0x08000758       0x98 Command_Analysis.cpp.o
                0x08000758                Command_Analysis::Verify_Frame_Validity(unsigned char, unsigned char, bool, bool)
 .text._ZN16Command_Analysis24Query_Current_Work_ParamEv
                0x080007f0       0x9c Command_Analysis.cpp.o
                0x080007f0                Command_Analysis::Query_Current_Work_Param()
 .text._ZN16Command_Analysis16Set_Group_NumberEv
                0x0800088c       0x8c Command_Analysis.cpp.o
                0x0800088c                Command_Analysis::Set_Group_Number()
 .text._ZN16Command_Analysis19Set_SN_Area_ChannelEv
                0x08000918       0xb4 Command_Analysis.cpp.o
                0x08000918                Command_Analysis::Set_SN_Area_Channel()
 .text._ZN16Command_Analysis20Detailed_Work_StatusEv
                0x080009cc       0x4c Command_Analysis.cpp.o
                0x080009cc                Command_Analysis::Detailed_Work_Status()
 .text._ZN16Command_Analysis17Stop_Work_CommandEv
                0x08000a18       0x58 Command_Analysis.cpp.o
                0x08000a18                Command_Analysis::Stop_Work_Command()
 .text._ZN16Command_Analysis17ResetRoll_CommandEv
                0x08000a70      0x11c Command_Analysis.cpp.o
                0x08000a70                Command_Analysis::ResetRoll_Command()
 .text._ZN16Command_Analysis15Opening_CommandEv
                0x08000b8c      0x330 Command_Analysis.cpp.o
                0x08000b8c                Command_Analysis::Opening_Command()
 .text._ZN16Command_Analysis21Working_Limit_CommandEv
                0x08000ebc       0x9c Command_Analysis.cpp.o
                0x08000ebc                Command_Analysis::Working_Limit_Command()
 .text._ZN16Command_Analysis21Receive_Data_AnalysisEv
                0x08000f58       0x6a Command_Analysis.cpp.o
                0x08000f58                Command_Analysis::Receive_Data_Analysis()
 *fill*         0x08000fc2        0x2 
 .text._ZN16Command_Analysis16Receive_LoRa_CmdEv
                0x08000fc4      0x164 Command_Analysis.cpp.o
                0x08000fc4                Command_Analysis::Receive_LoRa_Cmd()
 .text._Z13LED_Interruptv
                0x08001128       0xbc fun_periph.cpp.o
                0x08001128                LED_Interrupt()
 .text._ZN16Some_Peripherals22Peripheral_GPIO_ConfigEv
                0x080011e4       0x66 fun_periph.cpp.o
                0x080011e4                Some_Peripherals::Peripheral_GPIO_Config()
 *fill*         0x0800124a        0x2 
 .text._ZN16Some_Peripherals11LED_DisplayE3LEDh
                0x0800124c       0x40 fun_periph.cpp.o
                0x0800124c                Some_Peripherals::LED_Display(LED, unsigned char)
 .text._ZN16Some_Peripherals8Stop_LEDEv
                0x0800128c       0x30 fun_periph.cpp.o
                0x0800128c                Some_Peripherals::Stop_LED()
 .text._ZN16Some_Peripherals9Start_LEDEv
                0x080012bc        0xc fun_periph.cpp.o
                0x080012bc                Some_Peripherals::Start_LED()
 .text._ZN16Some_Peripherals8Key_BuzzEj
                0x080012c8       0x2e fun_periph.cpp.o
                0x080012c8                Some_Peripherals::Key_Buzz(unsigned int)
 .text._ZN3I2C4InitEv
                0x080012f6       0x26 i2c.cpp.o
                0x080012f6                I2C::Init()
 .text._ZN3I2C7SDA_OutEv
                0x0800131c        0x8 i2c.cpp.o
                0x0800131c                I2C::SDA_Out()
 .text._ZN3I2C6SDA_InEv
                0x08001324        0x8 i2c.cpp.o
                0x08001324                I2C::SDA_In()
 .text._ZN3I2C5StartEv
                0x0800132c       0x36 i2c.cpp.o
                0x0800132c                I2C::Start()
 .text._ZN3I2C4StopEv
                0x08001362       0x36 i2c.cpp.o
                0x08001362                I2C::Stop()
 .text._ZN3I2C3AckEv
                0x08001398       0x3a i2c.cpp.o
                0x08001398                I2C::Ack()
 .text._ZN3I2C4NAckEv
                0x080013d2       0x3a i2c.cpp.o
                0x080013d2                I2C::NAck()
 .text._ZN3I2C8Wait_AckEv
                0x0800140c       0x4e i2c.cpp.o
                0x0800140c                I2C::Wait_Ack()
 .text._ZN3I2C9Send_ByteEh
                0x0800145a       0x4e i2c.cpp.o
                0x0800145a                I2C::Send_Byte(unsigned char)
 .text._ZN3I2C9Read_ByteEh
                0x080014a8       0x54 i2c.cpp.o
                0x080014a8                I2C::Read_Byte(unsigned char)
 .text._ZN4LoRa16LoRa_GPIO_ConfigEv
                0x080014fc       0x46 LoRa.cpp.o
                0x080014fc                LoRa::LoRa_GPIO_Config()
 *fill*         0x08001542        0x2 
 .text._ZN4LoRa8BaudRateEj
                0x08001544        0xc LoRa.cpp.o
                0x08001544                LoRa::BaudRate(unsigned int)
 .text._ZN4LoRa7IsResetEb
                0x08001550       0x20 LoRa.cpp.o
                0x08001550                LoRa::IsReset(bool)
 .text._ZN4LoRa13LoRa_ShutdownEv
                0x08001570       0x40 LoRa.cpp.o
                0x08001570                LoRa::LoRa_Shutdown()
 .text._ZN4LoRa20Detect_Error_ReceiptEPh
                0x080015b0       0x38 LoRa.cpp.o
                0x080015b0                LoRa::Detect_Error_Receipt(unsigned char*)
 .text._ZN4LoRa17Detect_OK_ReceiptEPhS0_
                0x080015e8       0x1a LoRa.cpp.o
                0x080015e8                LoRa::Detect_OK_Receipt(unsigned char*, unsigned char*)
 .text._ZN4LoRa7Get_CSQEPhhS0_
                0x08001602       0x2a LoRa.cpp.o
                0x08001602                LoRa::Get_CSQ(unsigned char*, unsigned char, unsigned char*)
 .text._ZN4LoRa13Parse_CommandEPhhS0_PS0_
                0x0800162c       0x6c LoRa.cpp.o
                0x0800162c                LoRa::Parse_Command(unsigned char*, unsigned char, unsigned char*, unsigned char**)
 .text._ZN4LoRa4ModeE9LoRa_Mode
                0x08001698       0x60 LoRa.cpp.o
                0x08001698                LoRa::Mode(LoRa_Mode)
 .text._ZN4LoRa12LoRa_RestartEv
                0x080016f8       0x30 LoRa.cpp.o
                0x080016f8                LoRa::LoRa_Restart()
 .text._ZN4LoRa12AT_Query_CmdEPKcPhS2_
                0x08001728       0xdc LoRa.cpp.o
                0x08001728                LoRa::AT_Query_Cmd(char const*, unsigned char*, unsigned char*)
 .text._ZN4LoRa13AT_Config_CmdEPKcS1_Ph
                0x08001804      0x124 LoRa.cpp.o
                0x08001804                LoRa::AT_Config_Cmd(char const*, char const*, unsigned char*)
 .text._ZN4LoRa7LoRa_ATEPhbPKcS2_
                0x08001928       0xb0 LoRa.cpp.o
                0x08001928                LoRa::LoRa_AT(unsigned char*, bool, char const*, char const*)
 .text._ZN4LoRa10Rewrite_IDEv
                0x080019d8      0x11c LoRa.cpp.o
                0x080019d8                LoRa::Rewrite_ID()
 .text._ZN4LoRa11Param_CheckEPKcS1_b
                0x08001af4      0x15c LoRa.cpp.o
                0x08001af4                LoRa::Param_Check(char const*, char const*, bool)
 .text._ZN4LoRa14Parameter_InitEb
                0x08001c50      0x228 LoRa.cpp.o
                0x08001c50                LoRa::Parameter_Init(bool)
 .text._Z20EEPROM_Write_Disablev
                0x08001e78        0x8 Memory.cpp.o
                0x08001e78                EEPROM_Write_Disable()
 .text._Z19EEPROM_Write_Enablev
                0x08001e80        0x8 Memory.cpp.o
                0x08001e80                EEPROM_Write_Enable()
 .text._ZN17EEPROM_Operations18EEPROM_GPIO_ConfigEv
                0x08001e88       0x1e Memory.cpp.o
                0x08001e88                EEPROM_Operations::EEPROM_GPIO_Config()
 .text._ZN13SN_Operations12Save_SN_CodeEPh
                0x08001ea6       0x80 Memory.cpp.o
                0x08001ea6                SN_Operations::Save_SN_Code(unsigned char*)
 .text._ZN13SN_Operations16Save_BKP_SN_CodeEPh
                0x08001f26       0x80 Memory.cpp.o
                0x08001f26                SN_Operations::Save_BKP_SN_Code(unsigned char*)
 .text._ZN13SN_Operations12Read_SN_CodeEPh
                0x08001fa6       0x58 Memory.cpp.o
                0x08001fa6                SN_Operations::Read_SN_Code(unsigned char*)
 .text._ZN13SN_Operations16Read_BKP_SN_CodeEPh
                0x08001ffe       0x58 Memory.cpp.o
                0x08001ffe                SN_Operations::Read_BKP_SN_Code(unsigned char*)
 .text._ZN13SN_Operations16Read_Random_SeedEPh
                0x08002056       0x2a Memory.cpp.o
                0x08002056                SN_Operations::Read_Random_Seed(unsigned char*)
 .text._ZN13SN_Operations18Clear_SN_Save_FlagEv
                0x08002080       0x34 Memory.cpp.o
                0x08002080                SN_Operations::Clear_SN_Save_Flag()
 .text._ZN13SN_Operations22Clear_BKP_SN_Save_FlagEv
                0x080020b4       0x34 Memory.cpp.o
                0x080020b4                SN_Operations::Clear_BKP_SN_Save_Flag()
 .text._ZN13SN_Operations26Set_SN_Access_Network_FlagEv
                0x080020e8       0x36 Memory.cpp.o
                0x080020e8                SN_Operations::Set_SN_Access_Network_Flag()
 *fill*         0x0800211e        0x2 
 .text._ZN13SN_Operations28Clear_SN_Access_Network_FlagEv
                0x08002120       0x64 Memory.cpp.o
                0x08002120                SN_Operations::Clear_SN_Access_Network_Flag()
 .text._ZN13SN_Operations29Verify_SN_Access_Network_FlagEv
                0x08002184       0x12 Memory.cpp.o
                0x08002184                SN_Operations::Verify_SN_Access_Network_Flag()
 *fill*         0x08002196        0x2 
 .text._ZN13SN_Operations10Self_checkEPh
                0x08002198       0x88 Memory.cpp.o
                0x08002198                SN_Operations::Self_check(unsigned char*)
 .text._ZN11LoRa_Config21Save_LoRa_Config_FlagEv
                0x08002220       0x36 Memory.cpp.o
                0x08002220                LoRa_Config::Save_LoRa_Config_Flag()
 .text._ZN11LoRa_Config23Save_LoRa_Com_Mode_FlagEv
                0x08002256       0x34 Memory.cpp.o
                0x08002256                LoRa_Config::Save_LoRa_Com_Mode_Flag()
 *fill*         0x0800228a        0x2 
 .text._ZN11LoRa_Config18Save_LoRa_Com_ModeEh
                0x0800228c       0x80 Memory.cpp.o
                0x0800228c                LoRa_Config::Save_LoRa_Com_Mode(unsigned char)
 .text._ZN11LoRa_Config18Read_LoRa_Com_ModeEv
                0x0800230c       0x3a Memory.cpp.o
                0x0800230c                LoRa_Config::Read_LoRa_Com_Mode()
 *fill*         0x08002346        0x2 
 .text._ZN11LoRa_Config14Read_LoRa_AddrEPh
                0x08002348       0x5c Memory.cpp.o
                0x08002348                LoRa_Config::Read_LoRa_Addr(unsigned char*)
 .text._ZN11LoRa_Config19Save_LoRa_Addr_FlagEv
                0x080023a4       0x22 Memory.cpp.o
                0x080023a4                LoRa_Config::Save_LoRa_Addr_Flag()
 .text._ZN11LoRa_Config20Clear_LoRa_Addr_FlagEv
                0x080023c6       0x20 Memory.cpp.o
                0x080023c6                LoRa_Config::Clear_LoRa_Addr_Flag()
 *fill*         0x080023e6        0x2 
 .text._ZN11LoRa_Config14Save_LoRa_AddrEPh
                0x080023e8       0x84 Memory.cpp.o
                0x080023e8                LoRa_Config::Save_LoRa_Addr(unsigned char*)
 .text._ZN11LoRa_Config21Verify_LoRa_Addr_FlagEv
                0x0800246c       0x12 Memory.cpp.o
                0x0800246c                LoRa_Config::Verify_LoRa_Addr_Flag()
 .text._ZN15Roll_Operations19Set_Route_Save_FlagEv
                0x0800247e       0x36 Memory.cpp.o
                0x0800247e                Roll_Operations::Set_Route_Save_Flag()
 .text._ZN15Roll_Operations20Read_Route_Save_FlagEv
                0x080024b4       0x12 Memory.cpp.o
                0x080024b4                Roll_Operations::Read_Route_Save_Flag()
 .text._ZN15Roll_Operations21Clear_Route_Save_FlagEv
                0x080024c6       0x34 Memory.cpp.o
                0x080024c6                Roll_Operations::Clear_Route_Save_Flag()
 .text._ZN15Roll_Operations17Save_Rolling_TimeEj
                0x080024fa       0x98 Memory.cpp.o
                0x080024fa                Roll_Operations::Save_Rolling_Time(unsigned int)
 .text._ZN15Roll_Operations17Read_Rolling_TimeEv
                0x08002592       0x44 Memory.cpp.o
                0x08002592                Roll_Operations::Read_Rolling_Time()
 .text._ZN15Roll_Operations23Save_Last_Opening_ValueEh
                0x080025d6       0x66 Memory.cpp.o
                0x080025d6                Roll_Operations::Save_Last_Opening_Value(unsigned char)
 .text._ZN15Roll_Operations23Read_Last_Opening_ValueEv
                0x0800263c       0x3c Memory.cpp.o
                0x0800263c                Roll_Operations::Read_Last_Opening_Value()
 .text._ZN15Roll_Operations26Save_Current_Opening_ValueEh
                0x08002678       0x66 Memory.cpp.o
                0x08002678                Roll_Operations::Save_Current_Opening_Value(unsigned char)
 .text._ZN15Roll_Operations26Read_Current_Opening_ValueEv
                0x080026de       0x3c Memory.cpp.o
                0x080026de                Roll_Operations::Read_Current_Opening_Value()
 .text._ZN15Roll_Operations27Save_RealTime_Opening_ValueEh
                0x0800271a       0x66 Memory.cpp.o
                0x0800271a                Roll_Operations::Save_RealTime_Opening_Value(unsigned char)
 .text._ZN15Roll_Operations27Read_RealTime_Opening_ValueEv
                0x08002780       0x3c Memory.cpp.o
                0x08002780                Roll_Operations::Read_RealTime_Opening_Value()
 .text._ZN15Roll_Operations23Clear_All_Opening_ValueEv
                0x080027bc       0x6e Memory.cpp.o
                0x080027bc                Roll_Operations::Clear_All_Opening_Value()
 .text._ZN15Roll_Operations17Save_Group_NumberEPh
                0x0800282a       0x9c Memory.cpp.o
                0x0800282a                Roll_Operations::Save_Group_Number(unsigned char*)
 .text._ZN15Roll_Operations17Read_Group_NumberEPh
                0x080028c6       0x4e Memory.cpp.o
                0x080028c6                Roll_Operations::Read_Group_Number(unsigned char*)
 .text._ZN15Roll_Operations18Check_Group_NumberEv
                0x08002914       0x38 Memory.cpp.o
                0x08002914                Roll_Operations::Check_Group_Number()
 .text._ZN15Roll_Operations18Clear_Group_NumberEv
                0x0800294c       0x52 Memory.cpp.o
                0x0800294c                Roll_Operations::Clear_Group_Number()
 .text._ZN15Roll_Operations16Save_Area_NumberEh
                0x0800299e       0x72 Memory.cpp.o
                0x0800299e                Roll_Operations::Save_Area_Number(unsigned char)
 .text._ZN15Roll_Operations16Read_Area_NumberEv
                0x08002a10        0x6 Memory.cpp.o
                0x08002a10                Roll_Operations::Read_Area_Number()
 .text._ZN15Roll_Operations17Check_Area_NumberEv
                0x08002a16       0x2c Memory.cpp.o
                0x08002a16                Roll_Operations::Check_Area_Number()
 .text._ZN15Roll_Operations17Clear_Area_NumberEv
                0x08002a42       0x34 Memory.cpp.o
                0x08002a42                Roll_Operations::Clear_Area_Number()
 .text._ZN15Roll_Operations42Save_Roll_Work_Voltage_and_Report_IntervalEPh
                0x08002a76       0x70 Memory.cpp.o
                0x08002a76                Roll_Operations::Save_Roll_Work_Voltage_and_Report_Interval(unsigned char*)
 .text._ZN15Roll_Operations33Read_Roll_Low_Voltage_Limit_ValueEv
                0x08002ae6       0x24 Memory.cpp.o
                0x08002ae6                Roll_Operations::Read_Roll_Low_Voltage_Limit_Value()
 .text._ZN15Roll_Operations34Read_Roll_High_Current_Limit_ValueEv
                0x08002b0a       0x24 Memory.cpp.o
                0x08002b0a                Roll_Operations::Read_Roll_High_Current_Limit_Value()
 .text._ZN15Roll_Operations38Read_Roll_Report_Status_Interval_ValueEv
                0x08002b2e       0x14 Memory.cpp.o
                0x08002b2e                Roll_Operations::Read_Roll_Report_Status_Interval_Value()
 .text._ZN15Roll_Operations17Save_Roll_VoltageEj
                0x08002b42       0x9c Memory.cpp.o
                0x08002b42                Roll_Operations::Save_Roll_Voltage(unsigned int)
 .text._ZN15Roll_Operations17Read_Roll_VoltageEPj
                0x08002bde       0x54 Memory.cpp.o
                0x08002bde                Roll_Operations::Read_Roll_Voltage(unsigned int*)
 .text._ZN15Roll_Operations20Save_Roll_Up_CurrentEj
                0x08002c32       0xb8 Memory.cpp.o
                0x08002c32                Roll_Operations::Save_Roll_Up_Current(unsigned int)
 .text._ZN15Roll_Operations20Read_Roll_Up_CurrentEPj
                0x08002cea       0x54 Memory.cpp.o
                0x08002cea                Roll_Operations::Read_Roll_Up_Current(unsigned int*)
 .text._ZN15Roll_Operations22Save_Roll_Down_CurrentEj
                0x08002d3e       0xb8 Memory.cpp.o
                0x08002d3e                Roll_Operations::Save_Roll_Down_Current(unsigned int)
 .text._ZN15Roll_Operations22Read_Roll_Down_CurrentEPj
                0x08002df6       0x54 Memory.cpp.o
                0x08002df6                Roll_Operations::Read_Roll_Down_Current(unsigned int*)
 .text._ZN15Roll_Operations19Verify_Current_FlagEv
                0x08002e4a       0x26 Memory.cpp.o
                0x08002e4a                Roll_Operations::Verify_Current_Flag()
 .text._ZN15Roll_Operations18Clear_Current_FlagEv
                0x08002e70       0x36 Memory.cpp.o
                0x08002e70                Roll_Operations::Clear_Current_Flag()
 .text._ZN15Roll_Operations18Current_Self_CheckEv
                0x08002ea6       0x84 Memory.cpp.o
                0x08002ea6                Roll_Operations::Current_Self_Check()
 *fill*         0x08002f2a        0x2 
 .text._Z26Manual_Up_Change_Interruptv
                0x08002f2c       0x6c Motor.cpp.o
                0x08002f2c                Manual_Up_Change_Interrupt()
 .text._Z28Manual_Down_Change_Interruptv
                0x08002f98       0x6c Motor.cpp.o
                0x08002f98                Manual_Down_Change_Interrupt()
 .text._ZN16Motor_Operations17Motor_GPIO_ConfigEv
                0x08003004       0x98 Motor.cpp.o
                0x08003004                Motor_Operations::Motor_GPIO_Config()
 .text._ZN16Motor_Operations19Direction_SelectionE13Motor_forward
                0x0800309c       0x2e Motor.cpp.o
                0x0800309c                Motor_Operations::Direction_Selection(Motor_forward)
 *fill*         0x080030ca        0x2 
 .text._ZN16Motor_Operations18Motor_Current_InitEPfPj15Limit_Detection
                0x080030cc       0x78 Motor.cpp.o
                0x080030cc                Motor_Operations::Motor_Current_Init(float*, unsigned int*, Limit_Detection)
 .text._ZN16Motor_Operations14Finish_RollingEv
                0x08003144       0x34 Motor.cpp.o
                0x08003144                Motor_Operations::Finish_Rolling()
 .text._ZN16Motor_Operations21Detect_Motor_OvertimeE15Limit_Detection
                0x08003178      0x16c Motor.cpp.o
                0x08003178                Motor_Operations::Detect_Motor_Overtime(Limit_Detection)
 .text._ZN16Motor_Operations15Force_Stop_WorkE11Roll_Actionh
                0x080032e4       0xa8 Motor.cpp.o
                0x080032e4                Motor_Operations::Force_Stop_Work(Roll_Action, unsigned char)
 *fill*         0x0800338c        0x4 
 .text._ZN16Motor_Operations17Current_DetectionEv
                0x08003390       0x80 Motor.cpp.o
                0x08003390                Motor_Operations::Current_Detection()
 .text._ZN16Motor_Operations18Detect_Motor_LimitEPh15Limit_Detection11Roll_Actionhj
                0x08003410       0xc0 Motor.cpp.o
                0x08003410                Motor_Operations::Detect_Motor_Limit(unsigned char*, Limit_Detection, Roll_Action, unsigned char, unsigned int)
 .text._ZN16Motor_Operations24Detect_Motor_OverCurrentEfjh
                0x080034d0       0x7c Motor.cpp.o
                0x080034d0                Motor_Operations::Detect_Motor_OverCurrent(float, unsigned int, unsigned char)
 .text._ZN16Motor_Operations20Motor_Current_StatusEfjh
                0x0800354c       0xc8 Motor.cpp.o
                0x0800354c                Motor_Operations::Motor_Current_Status(float, unsigned int, unsigned char)
 .text._ZN16Motor_Operations21Detect_Manual_RollingEv
                0x08003614       0xdc Motor.cpp.o
                0x08003614                Motor_Operations::Detect_Manual_Rolling()
 .text._ZN16Motor_Operations15Verify_Reset_OKEPhbb
                0x080036f0      0x180 Motor.cpp.o
                0x080036f0                Motor_Operations::Verify_Reset_OK(unsigned char*, bool, bool)
 .text._ZN16Motor_Operations19Force_Open_or_CloseEh
                0x08003870      0x1d0 Motor.cpp.o
                0x08003870                Motor_Operations::Force_Open_or_Close(unsigned char)
 .text._ZN16Motor_Operations13Trace_OpeningEv
                0x08003a40      0x150 Motor.cpp.o
                0x08003a40                Motor_Operations::Trace_Opening()
 .text._ZN16Motor_Operations17Voltage_DetectionEv
                0x08003b90       0xd8 Motor.cpp.o
                0x08003b90                Motor_Operations::Voltage_Detection()
 .text._ZN16Motor_Operations17Calculate_VoltageEPjPmPiS0_
                0x08003c68       0x54 Motor.cpp.o
                0x08003c68                Motor_Operations::Calculate_Voltage(unsigned int*, unsigned long*, int*, unsigned int*)
 .text._ZN16Motor_Operations26Calculate_and_Save_VoltageEPjPmPiS0_
                0x08003cbc       0x84 Motor.cpp.o
                0x08003cbc                Motor_Operations::Calculate_and_Save_Voltage(unsigned int*, unsigned long*, int*, unsigned int*)
 .text._ZN16Motor_Operations24Dynamic_Adjust_Roll_TimeEjPj
                0x08003d40      0x1a0 Motor.cpp.o
                0x08003d40                Motor_Operations::Dynamic_Adjust_Roll_Time(unsigned int, unsigned int*)
 .text._ZN16Motor_Operations13Motor_CoilingEv
                0x08003ee0      0x580 Motor.cpp.o
                0x08003ee0                Motor_Operations::Motor_Coiling()
 .text._ZN16Motor_Operations16Adjust_deviationEv
                0x08004460       0xd8 Motor.cpp.o
                0x08004460                Motor_Operations::Adjust_deviation()
 .text._ZN16Motor_Operations14Adjust_OpeningEv
                0x08004538       0xc4 Motor.cpp.o
                0x08004538                Motor_Operations::Adjust_Opening()
 .text._ZN16Motor_Operations15Collect_CurrentEPjS0_S0_S0_
                0x080045fc       0x4c Motor.cpp.o
                0x080045fc                Motor_Operations::Collect_Current(unsigned int*, unsigned int*, unsigned int*, unsigned int*)
 .text._ZN16Motor_Operations26Calculate_and_Save_CurrentEPjS0_S0_S0_15Limit_Detection
                0x08004648      0x1cc Motor.cpp.o
                0x08004648                Motor_Operations::Calculate_and_Save_Current(unsigned int*, unsigned int*, unsigned int*, unsigned int*, Limit_Detection)
 .text._ZN16Motor_Operations17Reset_Motor_RouteEv
                0x08004814      0x3f8 Motor.cpp.o
                0x08004814                Motor_Operations::Reset_Motor_Route()
 .text.startup._GLOBAL__sub_I_Date
                0x08004c0c        0xc Private_RTC.cpp.o
 .text._Z16Timer2_Interruptv
                0x08004c18       0x18 Private_Timer.cpp.o
                0x08004c18                Timer2_Interrupt()
 .text._Z16Timer3_Interruptv
                0x08004c30       0x24 Private_Timer.cpp.o
                0x08004c30                Timer3_Interrupt()
 .text._Z15Roll_Timer_Initv
                0x08004c54       0x34 Private_Timer.cpp.o
                0x08004c54                Roll_Timer_Init()
 .text._Z31Self_Check_Parameter_Timer_Initv
                0x08004c88       0x30 Private_Timer.cpp.o
                0x08004c88                Self_Check_Parameter_Timer_Init()
 .text._Z17Start_Roll_Timingv
                0x08004cb8       0x2c Private_Timer.cpp.o
                0x08004cb8                Start_Roll_Timing()
 .text._Z23Start_Self_Check_Timingv
                0x08004ce4       0x1c Private_Timer.cpp.o
                0x08004ce4                Start_Self_Check_Timing()
 .text._Z16Stop_Roll_Timingv
                0x08004d00        0xc Private_Timer.cpp.o
                0x08004d00                Stop_Roll_Timing()
 .text._Z22Stop_Self_Check_Timingv
                0x08004d0c        0xc Private_Timer.cpp.o
                0x08004d0c                Stop_Self_Check_Timing()
 .text._ZN8TypeConv10Dec_To_HexEh
                0x08004d18       0x12 public.cpp.o
                0x08004d18                TypeConv::Dec_To_Hex(unsigned char)
 *fill*         0x08004d2a        0x2 
 .text._Z9MyDelayMsj
                0x08004d2c       0x24 public.cpp.o
                0x08004d2c                MyDelayMs(unsigned int)
 .text._ZN7Receipt25Receipt_Random_Wait_ValueEPm
                0x08004d50       0x44 receipt.cpp.o
                0x08004d50                Receipt::Receipt_Random_Wait_Value(unsigned long*)
 .text._ZN7Receipt11Print_DebugEPhh
                0x08004d94       0x34 receipt.cpp.o
                0x08004d94                Receipt::Print_Debug(unsigned char*, unsigned char)
 .text._ZN7Receipt24Report_General_ParameterEv
                0x08004dc8      0x158 receipt.cpp.o
                0x08004dc8                Receipt::Report_General_Parameter()
 .text._ZN7Receipt24Request_Set_Group_NumberEv
                0x08004f20       0xdc receipt.cpp.o
                0x08004f20                Receipt::Request_Set_Group_Number()
 .text._ZN7Receipt29Request_Device_SN_and_ChannelEv
                0x08004ffc       0xdc receipt.cpp.o
                0x08004ffc                Receipt::Request_Device_SN_and_Channel()
 .text._ZN7Receipt25Working_Parameter_ReceiptEbh
                0x080050d8      0x1b4 receipt.cpp.o
                0x080050d8                Receipt::Working_Parameter_Receipt(bool, unsigned char)
 .text._ZN7Receipt15General_ReceiptEhh
                0x0800528c      0x14c receipt.cpp.o
                0x0800528c                Receipt::General_Receipt(unsigned char, unsigned char)
 .text._Z20Check_LoRa_Parameterv
                0x080053d8        0xc Security.cpp.o
                0x080053d8                Check_LoRa_Parameter()
 .text._Z21Check_Store_Parameterv
                0x080053e4       0xe8 Security.cpp.o
                0x080053e4                Check_Store_Parameter()
 .text._Z26Check_Store_Param_And_LoRav
                0x080054cc       0x50 Security.cpp.o
                0x080054cc                Check_Store_Param_And_LoRa()
 .text._Z7GetCrc8Phi
                0x0800551c       0x2e User_CRC8.cpp.o
                0x0800551c                GetCrc8(unsigned char*, int)
 .text._ZN7RTClockC2E11rtc_clk_srct
                0x0800554a       0x46 RTClock\RTClock.cpp.o
                0x0800554a                RTClock::RTClock(rtc_clk_src, unsigned short)
                0x0800554a                RTClock::RTClock(rtc_clk_src, unsigned short)
 .text._ZN7RTClockC2E11rtc_clk_src
                0x08005590       0x12 RTClock\RTClock.cpp.o
                0x08005590                RTClock::RTClock(rtc_clk_src)
                0x08005590                RTClock::RTClock(rtc_clk_src)
 *fill*         0x080055a2        0x2 
 .text.rtc_wait_finished
                0x080055a4       0x1c RTClock\utility\rtc_util.c.o
 .text.rtc_wait_sync
                0x080055c0       0x1c RTClock\utility\rtc_util.c.o
 .text.rtc_clear_sync
                0x080055dc       0x20 RTClock\utility\rtc_util.c.o
 .text.rtc_enter_config_mode
                0x080055fc       0x20 RTClock\utility\rtc_util.c.o
 .text.rtc_exit_config_mode
                0x0800561c       0x20 RTClock\utility\rtc_util.c.o
 .text.rtc_init
                0x0800563c       0xac RTClock\utility\rtc_util.c.o
                0x0800563c                rtc_init
 .text.__irq_rtc
                0x080056e8       0x48 RTClock\utility\rtc_util.c.o
                0x080056e8                __irq_rtc
 .text.__irq_rtcalarm
                0x08005730       0x1c RTClock\utility\rtc_util.c.o
                0x08005730                __irq_rtcalarm
 .text.rtc_set_prescaler_load
                0x0800574c       0x34 RTClock\utility\rtc_util.c.o
                0x0800574c                rtc_set_prescaler_load
 .text.startup._GLOBAL__sub_I_PIN_MAP
                0x08005780       0x74 C:\Users\Administrator\AppData\Local\Temp\VMBCore\arduino16x\a25b0c93d50495b56da79188cbb05a7a\variant\board.cpp.o
 .text._ZL18adc_default_configP7adc_dev
                0x080057f4       0x1c C:\Users\Administrator\AppData\Local\Temp\VMBCore\arduino16x\a25b0c93d50495b56da79188cbb05a7a\variant\boards.cpp.o
 .text._ZL20timer_default_configP9timer_dev
                0x08005810       0x9e C:\Users\Administrator\AppData\Local\Temp\VMBCore\arduino16x\a25b0c93d50495b56da79188cbb05a7a\variant\boards.cpp.o
 .text._Z9boardInitv
                0x080058ae        0x2 C:\Users\Administrator\AppData\Local\Temp\VMBCore\arduino16x\a25b0c93d50495b56da79188cbb05a7a\variant\boards.cpp.o
                0x080058ae                boardInit()
 .text._Z4initv
                0x080058b0       0xbc C:\Users\Administrator\AppData\Local\Temp\VMBCore\arduino16x\a25b0c93d50495b56da79188cbb05a7a\variant\boards.cpp.o
                0x080058b0                init()
 .text._ZN6wirish4priv15board_reset_pllEv
                0x0800596c        0x2 C:\Users\Administrator\AppData\Local\Temp\VMBCore\arduino16x\a25b0c93d50495b56da79188cbb05a7a\variant\boards_setup.cpp.o
                0x0800596c                wirish::priv::board_reset_pll()
 .text._ZN6wirish4priv28board_setup_clock_prescalersEv
                0x0800596e       0x2e C:\Users\Administrator\AppData\Local\Temp\VMBCore\arduino16x\a25b0c93d50495b56da79188cbb05a7a\variant\boards_setup.cpp.o
                0x0800596e                wirish::priv::board_setup_clock_prescalers()
 .text._ZN6wirish4priv16board_setup_gpioEv
                0x0800599c        0x4 C:\Users\Administrator\AppData\Local\Temp\VMBCore\arduino16x\a25b0c93d50495b56da79188cbb05a7a\variant\boards_setup.cpp.o
                0x0800599c                wirish::priv::board_setup_gpio()
 .text._ZN6wirish4priv15board_setup_usbEv
                0x080059a0        0x2 C:\Users\Administrator\AppData\Local\Temp\VMBCore\arduino16x\a25b0c93d50495b56da79188cbb05a7a\variant\boards_setup.cpp.o
                0x080059a0                wirish::priv::board_setup_usb()
 .text._ZN6wirish4priv11series_initEv
                0x080059a2        0x4 C:\Users\Administrator\AppData\Local\Temp\VMBCore\arduino16x\a25b0c93d50495b56da79188cbb05a7a\variant\boards_setup.cpp.o
                0x080059a2                wirish::priv::series_init()
 *fill*         0x080059a6        0x2 
 .text          0x080059a8       0x10 C:\Users\Administrator\AppData\Local\Temp\VMBCore\arduino16x\a25b0c93d50495b56da79188cbb05a7a\variant\start.S.o
                0x080059a8                __start__
 .text.start_c  0x080059b8       0x64 C:\Users\Administrator\AppData\Local\Temp\VMBCore\arduino16x\a25b0c93d50495b56da79188cbb05a7a\variant\start_c.c.o
                0x080059b8                start_c
 .text._exit    0x08005a1c        0x2 C:\Users\Administrator\AppData\Local\Temp\VMBCore\arduino16x\a25b0c93d50495b56da79188cbb05a7a\variant\syscalls.c.o
                0x08005a1c                _exit
 *fill*         0x08005a1e        0x2 
 .text          0x08005a20       0x60 C:\Users\Administrator\AppData\Local\Temp\VMBuilds\LoRa_Roll_Film\stm32_genericSTM32F103R\Release/core.a(exc.S.o)
                0x08005a20                __exc_nmi
                0x08005a24                __exc_hardfault
                0x08005a28                __exc_memmanage
                0x08005a2c                __exc_busfault
                0x08005a30                __exc_usagefault
 .text          0x08005a80        0x2 C:\Users\Administrator\AppData\Local\Temp\VMBuilds\LoRa_Roll_Film\stm32_genericSTM32F103R\Release/core.a(isrs.S.o)
                0x08005a80                __stm32reservedexception9
                0x08005a80                __irq_dma1_channel3
                0x08005a80                __irq_i2c2_er
                0x08005a80                __irq_i2c1_er
                0x08005a80                __irq_sdio
                0x08005a80                __irq_fsmc
                0x08005a80                __irq_usb_lp_can_rx0
                0x08005a80                __irq_dma1_channel6
                0x08005a80                __exc_debug_monitor
                0x08005a80                __irq_dma1_channel1
                0x08005a80                __irq_dma2_channel2
                0x08005a80                __exc_svc
                0x08005a80                __irq_dma1_channel4
                0x08005a80                __irq_dma1_channel7
                0x08005a80                __irq_can_rx1
                0x08005a80                __irq_spi2
                0x08005a80                __irq_can_sce
                0x08005a80                __irq_dma2_channel4_5
                0x08005a80                __irq_pvd
                0x08005a80                __irq_tamper
                0x08005a80                __default_handler
                0x08005a80                __irq_wwdg
                0x08005a80                __stm32reservedexception10
                0x08005a80                __irq_flash
                0x08005a80                __irq_i2c2_ev
                0x08005a80                __irq_dma1_channel2
                0x08005a80                __irq_dma1_channel5
                0x08005a80                __stm32reservedexception13
                0x08005a80                __irq_spi1
                0x08005a80                __stm32reservedexception7
                0x08005a80                __irq_usb_hp_can_tx
                0x08005a80                __irq_dma2_channel3
                0x08005a80                __irq_spi3
                0x08005a80                __stm32reservedexception8
                0x08005a80                __irq_dma2_channel1
                0x08005a80                __exc_pendsv
                0x08005a80                __irq_i2c1_ev
                0x08005a80                __irq_usbwakeup
                0x08005a80                __irq_rcc
 .text.adc_init
                0x08005a82       0x14 C:\Users\Administrator\AppData\Local\Temp\VMBuilds\LoRa_Roll_Film\stm32_genericSTM32F103R\Release/core.a(adc.c.o)
                0x08005a82                adc_init
 .text.adc_set_extsel
                0x08005a96       0x12 C:\Users\Administrator\AppData\Local\Temp\VMBuilds\LoRa_Roll_Film\stm32_genericSTM32F103R\Release/core.a(adc.c.o)
                0x08005a96                adc_set_extsel
 .text.adc_set_sample_rate
                0x08005aa8       0x30 C:\Users\Administrator\AppData\Local\Temp\VMBuilds\LoRa_Roll_Film\stm32_genericSTM32F103R\Release/core.a(adc.c.o)
                0x08005aa8                adc_set_sample_rate
 .text.adc_read
                0x08005ad8       0x20 C:\Users\Administrator\AppData\Local\Temp\VMBuilds\LoRa_Roll_Film\stm32_genericSTM32F103R\Release/core.a(adc.c.o)
                0x08005ad8                adc_read
 .text.__irq_adc
                0x08005af8       0x50 C:\Users\Administrator\AppData\Local\Temp\VMBuilds\LoRa_Roll_Film\stm32_genericSTM32F103R\Release/core.a(adc_f1.c.o)
                0x08005af8                __irq_adc
 .text.__irq_adc3
                0x08005b48       0x50 C:\Users\Administrator\AppData\Local\Temp\VMBuilds\LoRa_Roll_Film\stm32_genericSTM32F103R\Release/core.a(adc_f1.c.o)
                0x08005b48                __irq_adc3
 .text.adc_calibrate
                0x08005b98       0x24 C:\Users\Administrator\AppData\Local\Temp\VMBuilds\LoRa_Roll_Film\stm32_genericSTM32F103R\Release/core.a(adc_f1.c.o)
                0x08005b98                adc_calibrate
 .text.adc_set_prescaler
                0x08005bbc        0x8 C:\Users\Administrator\AppData\Local\Temp\VMBuilds\LoRa_Roll_Film\stm32_genericSTM32F103R\Release/core.a(adc_f1.c.o)
                0x08005bbc                adc_set_prescaler
 .text.adc_foreach
                0x08005bc4       0x24 C:\Users\Administrator\AppData\Local\Temp\VMBuilds\LoRa_Roll_Film\stm32_genericSTM32F103R\Release/core.a(adc_f1.c.o)
                0x08005bc4                adc_foreach
 .text.adc_enable_single_swstart
                0x08005be8       0x36 C:\Users\Administrator\AppData\Local\Temp\VMBuilds\LoRa_Roll_Film\stm32_genericSTM32F103R\Release/core.a(adc_f1.c.o)
                0x08005be8                adc_enable_single_swstart
 *fill*         0x08005c1e        0x2 
 .text.data_register
                0x08005c20       0x28 C:\Users\Administrator\AppData\Local\Temp\VMBuilds\LoRa_Roll_Film\stm32_genericSTM32F103R\Release/core.a(bkp_f1.c.o)
 .text.bkp_init
                0x08005c48       0x18 C:\Users\Administrator\AppData\Local\Temp\VMBuilds\LoRa_Roll_Film\stm32_genericSTM32F103R\Release/core.a(bkp_f1.c.o)
                0x08005c48                bkp_init
 .text.bkp_enable_writes
                0x08005c60        0xc C:\Users\Administrator\AppData\Local\Temp\VMBuilds\LoRa_Roll_Film\stm32_genericSTM32F103R\Release/core.a(bkp_f1.c.o)
                0x08005c60                bkp_enable_writes
 .text.bkp_disable_writes
                0x08005c6c        0xc C:\Users\Administrator\AppData\Local\Temp\VMBuilds\LoRa_Roll_Film\stm32_genericSTM32F103R\Release/core.a(bkp_f1.c.o)
                0x08005c6c                bkp_disable_writes
 .text.bkp_read
                0x08005c78        0xe C:\Users\Administrator\AppData\Local\Temp\VMBuilds\LoRa_Roll_Film\stm32_genericSTM32F103R\Release/core.a(bkp_f1.c.o)
                0x08005c78                bkp_read
 .text.bkp_write
                0x08005c86        0xe C:\Users\Administrator\AppData\Local\Temp\VMBuilds\LoRa_Roll_Film\stm32_genericSTM32F103R\Release/core.a(bkp_f1.c.o)
                0x08005c86                bkp_write
 .text.flash_set_latency
                0x08005c94       0x14 C:\Users\Administrator\AppData\Local\Temp\VMBuilds\LoRa_Roll_Film\stm32_genericSTM32F103R\Release/core.a(flash.c.o)
                0x08005c94                flash_set_latency
 .text.gpio_init_all
                0x08005ca8       0x4c C:\Users\Administrator\AppData\Local\Temp\VMBuilds\LoRa_Roll_Film\stm32_genericSTM32F103R\Release/core.a(gpio_f1.c.o)
                0x08005ca8                gpio_init_all
 .text.gpio_set_mode
                0x08005cf4       0x50 C:\Users\Administrator\AppData\Local\Temp\VMBuilds\LoRa_Roll_Film\stm32_genericSTM32F103R\Release/core.a(gpio_f1.c.o)
                0x08005cf4                gpio_set_mode
 .text.afio_init
                0x08005d44       0x12 C:\Users\Administrator\AppData\Local\Temp\VMBuilds\LoRa_Roll_Film\stm32_genericSTM32F103R\Release/core.a(gpio_f1.c.o)
                0x08005d44                afio_init
 *fill*         0x08005d56        0x2 
 .text.iwdg_init
                0x08005d58       0x20 C:\Users\Administrator\AppData\Local\Temp\VMBuilds\LoRa_Roll_Film\stm32_genericSTM32F103R\Release/core.a(iwdg.c.o)
                0x08005d58                iwdg_init
 .text.iwdg_feed
                0x08005d78       0x10 C:\Users\Administrator\AppData\Local\Temp\VMBuilds\LoRa_Roll_Film\stm32_genericSTM32F103R\Release/core.a(iwdg.c.o)
                0x08005d78                iwdg_feed
 .text.nvic_irq_set_priority
                0x08005d88       0x28 C:\Users\Administrator\AppData\Local\Temp\VMBuilds\LoRa_Roll_Film\stm32_genericSTM32F103R\Release/core.a(nvic.c.o)
                0x08005d88                nvic_irq_set_priority
 .text.nvic_init
                0x08005db0       0x30 C:\Users\Administrator\AppData\Local\Temp\VMBuilds\LoRa_Roll_Film\stm32_genericSTM32F103R\Release/core.a(nvic.c.o)
                0x08005db0                nvic_init
 .text.nvic_sys_reset
                0x08005de0       0x1c C:\Users\Administrator\AppData\Local\Temp\VMBuilds\LoRa_Roll_Film\stm32_genericSTM32F103R\Release/core.a(nvic.c.o)
                0x08005de0                nvic_sys_reset
 .text.rcc_dev_clk
                0x08005dfc        0xc C:\Users\Administrator\AppData\Local\Temp\VMBuilds\LoRa_Roll_Film\stm32_genericSTM32F103R\Release/core.a(rcc.c.o)
                0x08005dfc                rcc_dev_clk
 .text.rcc_switch_sysclk
                0x08005e08       0x20 C:\Users\Administrator\AppData\Local\Temp\VMBuilds\LoRa_Roll_Film\stm32_genericSTM32F103R\Release/core.a(rcc.c.o)
                0x08005e08                rcc_switch_sysclk
 .text.rcc_turn_on_clk
                0x08005e28       0x1a C:\Users\Administrator\AppData\Local\Temp\VMBuilds\LoRa_Roll_Film\stm32_genericSTM32F103R\Release/core.a(rcc.c.o)
                0x08005e28                rcc_turn_on_clk
 .text.rcc_turn_off_clk
                0x08005e42       0x1c C:\Users\Administrator\AppData\Local\Temp\VMBuilds\LoRa_Roll_Film\stm32_genericSTM32F103R\Release/core.a(rcc.c.o)
                0x08005e42                rcc_turn_off_clk
 .text.rcc_is_clk_on
                0x08005e5e       0x1e C:\Users\Administrator\AppData\Local\Temp\VMBuilds\LoRa_Roll_Film\stm32_genericSTM32F103R\Release/core.a(rcc.c.o)
                0x08005e5e                rcc_is_clk_on
 .text.rcc_is_clk_ready
                0x08005e7c       0x18 C:\Users\Administrator\AppData\Local\Temp\VMBuilds\LoRa_Roll_Film\stm32_genericSTM32F103R\Release/core.a(rcc.c.o)
                0x08005e7c                rcc_is_clk_ready
 .text.rcc_configure_pll
                0x08005e94       0x38 C:\Users\Administrator\AppData\Local\Temp\VMBuilds\LoRa_Roll_Film\stm32_genericSTM32F103R\Release/core.a(rcc_f1.c.o)
                0x08005e94                rcc_configure_pll
 .text.rcc_clk_enable
                0x08005ecc       0x30 C:\Users\Administrator\AppData\Local\Temp\VMBuilds\LoRa_Roll_Film\stm32_genericSTM32F103R\Release/core.a(rcc_f1.c.o)
                0x08005ecc                rcc_clk_enable
 .text.rcc_reset_dev
                0x08005efc       0x34 C:\Users\Administrator\AppData\Local\Temp\VMBuilds\LoRa_Roll_Film\stm32_genericSTM32F103R\Release/core.a(rcc_f1.c.o)
                0x08005efc                rcc_reset_dev
 .text.rcc_set_prescaler
                0x08005f30       0x20 C:\Users\Administrator\AppData\Local\Temp\VMBuilds\LoRa_Roll_Film\stm32_genericSTM32F103R\Release/core.a(rcc_f1.c.o)
                0x08005f30                rcc_set_prescaler
 .text.rcc_clk_disable
                0x08005f50       0x30 C:\Users\Administrator\AppData\Local\Temp\VMBuilds\LoRa_Roll_Film\stm32_genericSTM32F103R\Release/core.a(rcc_f1.c.o)
                0x08005f50                rcc_clk_disable
 .text.systick_init
                0x08005f80       0x10 C:\Users\Administrator\AppData\Local\Temp\VMBuilds\LoRa_Roll_Film\stm32_genericSTM32F103R\Release/core.a(systick.c.o)
                0x08005f80                systick_init
 .text.__exc_systick
                0x08005f90       0x1c C:\Users\Administrator\AppData\Local\Temp\VMBuilds\LoRa_Roll_Film\stm32_genericSTM32F103R\Release/core.a(systick.c.o)
                0x08005f90                __exc_systick
 .text.timer_oc_set_mode
                0x08005fac       0x3a C:\Users\Administrator\AppData\Local\Temp\VMBuilds\LoRa_Roll_Film\stm32_genericSTM32F103R\Release/core.a(timer.c.o)
 *fill*         0x08005fe6        0x2 
 .text.timer_foreach
                0x08005fe8       0x48 C:\Users\Administrator\AppData\Local\Temp\VMBuilds\LoRa_Roll_Film\stm32_genericSTM32F103R\Release/core.a(timer.c.o)
                0x08005fe8                timer_foreach
 .text.timer_init
                0x08006030       0x14 C:\Users\Administrator\AppData\Local\Temp\VMBuilds\LoRa_Roll_Film\stm32_genericSTM32F103R\Release/core.a(timer.c.o)
                0x08006030                timer_init
 .text.timer_has_cc_channel
                0x08006044       0x30 C:\Users\Administrator\AppData\Local\Temp\VMBuilds\LoRa_Roll_Film\stm32_genericSTM32F103R\Release/core.a(timer.c.o)
                0x08006044                timer_has_cc_channel
 .text.timer_attach_interrupt
                0x08006074       0xd4 C:\Users\Administrator\AppData\Local\Temp\VMBuilds\LoRa_Roll_Film\stm32_genericSTM32F103R\Release/core.a(timer.c.o)
                0x08006074                timer_attach_interrupt
 .text.timer_detach_interrupt
                0x08006148       0x1e C:\Users\Administrator\AppData\Local\Temp\VMBuilds\LoRa_Roll_Film\stm32_genericSTM32F103R\Release/core.a(timer.c.o)
                0x08006148                timer_detach_interrupt
 *fill*         0x08006166        0x2 
 .text.timer_set_mode
                0x08006168       0xb4 C:\Users\Administrator\AppData\Local\Temp\VMBuilds\LoRa_Roll_Film\stm32_genericSTM32F103R\Release/core.a(timer.c.o)
                0x08006168                timer_set_mode
 .text.__irq_tim1_brk
                0x0800621c       0x24 C:\Users\Administrator\AppData\Local\Temp\VMBuilds\LoRa_Roll_Film\stm32_genericSTM32F103R\Release/core.a(timer.c.o)
                0x0800621c                __irq_tim1_brk
 .text.__irq_tim1_up
                0x08006240       0x24 C:\Users\Administrator\AppData\Local\Temp\VMBuilds\LoRa_Roll_Film\stm32_genericSTM32F103R\Release/core.a(timer.c.o)
                0x08006240                __irq_tim1_up
 .text.__irq_tim1_trg_com
                0x08006264       0x38 C:\Users\Administrator\AppData\Local\Temp\VMBuilds\LoRa_Roll_Film\stm32_genericSTM32F103R\Release/core.a(timer.c.o)
                0x08006264                __irq_tim1_trg_com
 .text.__irq_tim1_cc
                0x0800629c       0x54 C:\Users\Administrator\AppData\Local\Temp\VMBuilds\LoRa_Roll_Film\stm32_genericSTM32F103R\Release/core.a(timer.c.o)
                0x0800629c                __irq_tim1_cc
 .text.__irq_tim2
                0x080062f0       0x70 C:\Users\Administrator\AppData\Local\Temp\VMBuilds\LoRa_Roll_Film\stm32_genericSTM32F103R\Release/core.a(timer.c.o)
                0x080062f0                __irq_tim2
 .text.__irq_tim3
                0x08006360       0x70 C:\Users\Administrator\AppData\Local\Temp\VMBuilds\LoRa_Roll_Film\stm32_genericSTM32F103R\Release/core.a(timer.c.o)
                0x08006360                __irq_tim3
 .text.__irq_tim4
                0x080063d0       0x70 C:\Users\Administrator\AppData\Local\Temp\VMBuilds\LoRa_Roll_Film\stm32_genericSTM32F103R\Release/core.a(timer.c.o)
                0x080063d0                __irq_tim4
 .text.__irq_tim5
                0x08006440       0x70 C:\Users\Administrator\AppData\Local\Temp\VMBuilds\LoRa_Roll_Film\stm32_genericSTM32F103R\Release/core.a(timer.c.o)
                0x08006440                __irq_tim5
 .text.__irq_tim6
                0x080064b0       0x24 C:\Users\Administrator\AppData\Local\Temp\VMBuilds\LoRa_Roll_Film\stm32_genericSTM32F103R\Release/core.a(timer.c.o)
                0x080064b0                __irq_tim6
 .text.__irq_tim7
                0x080064d4       0x24 C:\Users\Administrator\AppData\Local\Temp\VMBuilds\LoRa_Roll_Film\stm32_genericSTM32F103R\Release/core.a(timer.c.o)
                0x080064d4                __irq_tim7
 .text.__irq_tim8_brk
                0x080064f8       0x24 C:\Users\Administrator\AppData\Local\Temp\VMBuilds\LoRa_Roll_Film\stm32_genericSTM32F103R\Release/core.a(timer.c.o)
                0x080064f8                __irq_tim8_brk
 .text.__irq_tim8_up
                0x0800651c       0x24 C:\Users\Administrator\AppData\Local\Temp\VMBuilds\LoRa_Roll_Film\stm32_genericSTM32F103R\Release/core.a(timer.c.o)
                0x0800651c                __irq_tim8_up
 .text.__irq_tim8_trg_com
                0x08006540       0x38 C:\Users\Administrator\AppData\Local\Temp\VMBuilds\LoRa_Roll_Film\stm32_genericSTM32F103R\Release/core.a(timer.c.o)
                0x08006540                __irq_tim8_trg_com
 .text.__irq_tim8_cc
                0x08006578       0x54 C:\Users\Administrator\AppData\Local\Temp\VMBuilds\LoRa_Roll_Film\stm32_genericSTM32F103R\Release/core.a(timer.c.o)
                0x08006578                __irq_tim8_cc
 .text.rb_remove
                0x080065cc       0x24 C:\Users\Administrator\AppData\Local\Temp\VMBuilds\LoRa_Roll_Film\stm32_genericSTM32F103R\Release/core.a(usart_f1.c.o)
 .text.rb_push_insert
                0x080065f0       0x52 C:\Users\Administrator\AppData\Local\Temp\VMBuilds\LoRa_Roll_Film\stm32_genericSTM32F103R\Release/core.a(usart_f1.c.o)
 .text.usart_config_gpios_async
                0x08006642       0x4a C:\Users\Administrator\AppData\Local\Temp\VMBuilds\LoRa_Roll_Film\stm32_genericSTM32F103R\Release/core.a(usart_f1.c.o)
                0x08006642                usart_config_gpios_async
 .text.usart_set_baud_rate
                0x0800668c       0x3c C:\Users\Administrator\AppData\Local\Temp\VMBuilds\LoRa_Roll_Film\stm32_genericSTM32F103R\Release/core.a(usart_f1.c.o)
                0x0800668c                usart_set_baud_rate
 .text.__irq_usart1
                0x080066c8       0x54 C:\Users\Administrator\AppData\Local\Temp\VMBuilds\LoRa_Roll_Film\stm32_genericSTM32F103R\Release/core.a(usart_f1.c.o)
                0x080066c8                __irq_usart1
 .text.__irq_usart2
                0x0800671c       0x54 C:\Users\Administrator\AppData\Local\Temp\VMBuilds\LoRa_Roll_Film\stm32_genericSTM32F103R\Release/core.a(usart_f1.c.o)
                0x0800671c                __irq_usart2
 .text.__irq_usart3
                0x08006770       0x54 C:\Users\Administrator\AppData\Local\Temp\VMBuilds\LoRa_Roll_Film\stm32_genericSTM32F103R\Release/core.a(usart_f1.c.o)
                0x08006770                __irq_usart3
 .text.__irq_uart4
                0x080067c4       0x54 C:\Users\Administrator\AppData\Local\Temp\VMBuilds\LoRa_Roll_Film\stm32_genericSTM32F103R\Release/core.a(usart_f1.c.o)
                0x080067c4                __irq_uart4
 .text.__irq_uart5
                0x08006818       0x54 C:\Users\Administrator\AppData\Local\Temp\VMBuilds\LoRa_Roll_Film\stm32_genericSTM32F103R\Release/core.a(usart_f1.c.o)
                0x08006818                __irq_uart5
 .text._usart_clock_freq
                0x0800686c       0x24 C:\Users\Administrator\AppData\Local\Temp\VMBuilds\LoRa_Roll_Film\stm32_genericSTM32F103R\Release/core.a(usart_private.c.o)
                0x0800686c                _usart_clock_freq
 .text.usart_putc
                0x08006890       0x1c C:\Users\Administrator\AppData\Local\Temp\VMBuilds\LoRa_Roll_Film\stm32_genericSTM32F103R\Release/core.a(util.c.o)
 .text.usart_putstr
                0x080068ac       0x16 C:\Users\Administrator\AppData\Local\Temp\VMBuilds\LoRa_Roll_Film\stm32_genericSTM32F103R\Release/core.a(util.c.o)
 *fill*         0x080068c2        0x2 
 .text.throb    0x080068c4       0x4c C:\Users\Administrator\AppData\Local\Temp\VMBuilds\LoRa_Roll_Film\stm32_genericSTM32F103R\Release/core.a(util.c.o)
                0x080068c4                throb
 .text.__error  0x08006910       0x14 C:\Users\Administrator\AppData\Local\Temp\VMBuilds\LoRa_Roll_Film\stm32_genericSTM32F103R\Release/core.a(util.c.o)
                0x08006910                __error
 .text._fail    0x08006924       0x64 C:\Users\Administrator\AppData\Local\Temp\VMBuilds\LoRa_Roll_Film\stm32_genericSTM32F103R\Release/core.a(util.c.o)
                0x08006924                _fail
 .text._Z15attachInterrupthPFvvE17ExtIntTriggerMode
                0x08006988       0x3c C:\Users\Administrator\AppData\Local\Temp\VMBuilds\LoRa_Roll_Film\stm32_genericSTM32F103R\Release/core.a(ext_interrupts.cpp.o)
                0x08006988                attachInterrupt(unsigned char, void (*)(), ExtIntTriggerMode)
 .text._Z15detachInterrupth
                0x080069c4       0x18 C:\Users\Administrator\AppData\Local\Temp\VMBuilds\LoRa_Roll_Film\stm32_genericSTM32F103R\Release/core.a(ext_interrupts.cpp.o)
                0x080069c4                detachInterrupt(unsigned char)
 .text._ZN14HardwareSerial4readEv
                0x080069dc       0x4e C:\Users\Administrator\AppData\Local\Temp\VMBuilds\LoRa_Roll_Film\stm32_genericSTM32F103R\Release/core.a(HardwareSerial.cpp.o)
                0x080069dc                HardwareSerial::read()
 .text._ZN14HardwareSerial4peekEv
                0x08006a2a       0x22 C:\Users\Administrator\AppData\Local\Temp\VMBuilds\LoRa_Roll_Film\stm32_genericSTM32F103R\Release/core.a(HardwareSerial.cpp.o)
                0x08006a2a                HardwareSerial::peek()
 .text._ZN14HardwareSerial5flushEv
                0x08006a4c       0x1a C:\Users\Administrator\AppData\Local\Temp\VMBuilds\LoRa_Roll_Film\stm32_genericSTM32F103R\Release/core.a(HardwareSerial.cpp.o)
                0x08006a4c                HardwareSerial::flush()
 .text._ZN14HardwareSerial5writeEh
                0x08006a66       0x1e C:\Users\Administrator\AppData\Local\Temp\VMBuilds\LoRa_Roll_Film\stm32_genericSTM32F103R\Release/core.a(HardwareSerial.cpp.o)
                0x08006a66                HardwareSerial::write(unsigned char)
 .text._ZN14HardwareSerial9availableEv
                0x08006a84       0x26 C:\Users\Administrator\AppData\Local\Temp\VMBuilds\LoRa_Roll_Film\stm32_genericSTM32F103R\Release/core.a(HardwareSerial.cpp.o)
                0x08006a84                HardwareSerial::available()
 *fill*         0x08006aaa        0x2 
 .text._ZN14HardwareSerialC2EP9usart_devhh
                0x08006aac       0x1c C:\Users\Administrator\AppData\Local\Temp\VMBuilds\LoRa_Roll_Film\stm32_genericSTM32F103R\Release/core.a(HardwareSerial.cpp.o)
                0x08006aac                HardwareSerial::HardwareSerial(usart_dev*, unsigned char, unsigned char)
                0x08006aac                HardwareSerial::HardwareSerial(usart_dev*, unsigned char, unsigned char)
 .text._ZN14HardwareSerial5beginEmh
                0x08006ac8       0x78 C:\Users\Administrator\AppData\Local\Temp\VMBuilds\LoRa_Roll_Film\stm32_genericSTM32F103R\Release/core.a(HardwareSerial.cpp.o)
                0x08006ac8                HardwareSerial::begin(unsigned long, unsigned char)
 .text._ZN14HardwareSerial5beginEm
                0x08006b40        0x6 C:\Users\Administrator\AppData\Local\Temp\VMBuilds\LoRa_Roll_Film\stm32_genericSTM32F103R\Release/core.a(HardwareSerial.cpp.o)
                0x08006b40                HardwareSerial::begin(unsigned long)
 .text._ZN14HardwareSerial3endEv
                0x08006b46        0x6 C:\Users\Administrator\AppData\Local\Temp\VMBuilds\LoRa_Roll_Film\stm32_genericSTM32F103R\Release/core.a(HardwareSerial.cpp.o)
                0x08006b46                HardwareSerial::end()
 .text.set_this_dev
                0x08006b4c       0x1c C:\Users\Administrator\AppData\Local\Temp\VMBuilds\LoRa_Roll_Film\stm32_genericSTM32F103R\Release/core.a(HardwareTimer.cpp.o)
 .text._ZN13HardwareTimerC2Eh
                0x08006b68       0x2c C:\Users\Administrator\AppData\Local\Temp\VMBuilds\LoRa_Roll_Film\stm32_genericSTM32F103R\Release/core.a(HardwareTimer.cpp.o)
                0x08006b68                HardwareTimer::HardwareTimer(unsigned char)
                0x08006b68                HardwareTimer::HardwareTimer(unsigned char)
 .text._ZN13HardwareTimer5pauseEv
                0x08006b94       0x10 C:\Users\Administrator\AppData\Local\Temp\VMBuilds\LoRa_Roll_Film\stm32_genericSTM32F103R\Release/core.a(HardwareTimer.cpp.o)
                0x08006b94                HardwareTimer::pause()
 .text._ZN13HardwareTimer6resumeEv
                0x08006ba4       0x10 C:\Users\Administrator\AppData\Local\Temp\VMBuilds\LoRa_Roll_Film\stm32_genericSTM32F103R\Release/core.a(HardwareTimer.cpp.o)
                0x08006ba4                HardwareTimer::resume()
 .text._ZN13HardwareTimer17setPrescaleFactorEm
                0x08006bb4        0xc C:\Users\Administrator\AppData\Local\Temp\VMBuilds\LoRa_Roll_Film\stm32_genericSTM32F103R\Release/core.a(HardwareTimer.cpp.o)
                0x08006bb4                HardwareTimer::setPrescaleFactor(unsigned long)
 .text._ZN13HardwareTimer8setCountEt
                0x08006bc0       0x12 C:\Users\Administrator\AppData\Local\Temp\VMBuilds\LoRa_Roll_Film\stm32_genericSTM32F103R\Release/core.a(HardwareTimer.cpp.o)
                0x08006bc0                HardwareTimer::setCount(unsigned short)
 .text._ZN13HardwareTimer9setPeriodEm
                0x08006bd2       0x3e C:\Users\Administrator\AppData\Local\Temp\VMBuilds\LoRa_Roll_Film\stm32_genericSTM32F103R\Release/core.a(HardwareTimer.cpp.o)
                0x08006bd2                HardwareTimer::setPeriod(unsigned long)
 .text._ZN13HardwareTimer15attachInterruptEiPFvvE
                0x08006c10        0x8 C:\Users\Administrator\AppData\Local\Temp\VMBuilds\LoRa_Roll_Film\stm32_genericSTM32F103R\Release/core.a(HardwareTimer.cpp.o)
                0x08006c10                HardwareTimer::attachInterrupt(int, void (*)())
 .text.startup._GLOBAL__sub_I__ZN13HardwareTimerC2Eh
                0x08006c18       0x68 C:\Users\Administrator\AppData\Local\Temp\VMBuilds\LoRa_Roll_Film\stm32_genericSTM32F103R\Release/core.a(HardwareTimer.cpp.o)
 .text.startup._Z7premainv
                0x08006c80        0x4 C:\Users\Administrator\AppData\Local\Temp\VMBuilds\LoRa_Roll_Film\stm32_genericSTM32F103R\Release/core.a(main.cpp.o)
                0x08006c80                premain()
 .text.startup.main
                0x08006c84        0xc C:\Users\Administrator\AppData\Local\Temp\VMBuilds\LoRa_Roll_Film\stm32_genericSTM32F103R\Release/core.a(main.cpp.o)
                0x08006c84                main
 .text._ZN5Print5writeEPKc
                0x08006c90       0x1c C:\Users\Administrator\AppData\Local\Temp\VMBuilds\LoRa_Roll_Film\stm32_genericSTM32F103R\Release/core.a(Print.cpp.o)
                0x08006c90                Print::write(char const*)
 .text._ZN5Print5writeEPKvm
                0x08006cac       0x20 C:\Users\Administrator\AppData\Local\Temp\VMBuilds\LoRa_Roll_Film\stm32_genericSTM32F103R\Release/core.a(Print.cpp.o)
                0x08006cac                Print::write(void const*, unsigned long)
 .text._ZN5Print5printEc
                0x08006ccc        0xa C:\Users\Administrator\AppData\Local\Temp\VMBuilds\LoRa_Roll_Film\stm32_genericSTM32F103R\Release/core.a(Print.cpp.o)
                0x08006ccc                Print::print(char)
 .text._ZN5Print5printEPKc
                0x08006cd6        0xa C:\Users\Administrator\AppData\Local\Temp\VMBuilds\LoRa_Roll_Film\stm32_genericSTM32F103R\Release/core.a(Print.cpp.o)
                0x08006cd6                Print::print(char const*)
 .text._ZN5Print7printlnEv
                0x08006ce0       0x18 C:\Users\Administrator\AppData\Local\Temp\VMBuilds\LoRa_Roll_Film\stm32_genericSTM32F103R\Release/core.a(Print.cpp.o)
                0x08006ce0                Print::println()
 .text._ZN5Print7printlnEPKc
                0x08006cf8       0x14 C:\Users\Administrator\AppData\Local\Temp\VMBuilds\LoRa_Roll_Film\stm32_genericSTM32F103R\Release/core.a(Print.cpp.o)
                0x08006cf8                Print::println(char const*)
 .text._ZN5Print11printNumberEyh
                0x08006d0c       0x84 C:\Users\Administrator\AppData\Local\Temp\VMBuilds\LoRa_Roll_Film\stm32_genericSTM32F103R\Release/core.a(Print.cpp.o)
                0x08006d0c                Print::printNumber(unsigned long long, unsigned char)
 .text._ZN5Print5printExi
                0x08006d90       0x40 C:\Users\Administrator\AppData\Local\Temp\VMBuilds\LoRa_Roll_Film\stm32_genericSTM32F103R\Release/core.a(Print.cpp.o)
                0x08006d90                Print::print(long long, int)
 .text._ZN5Print5printEii
                0x08006dd0       0x12 C:\Users\Administrator\AppData\Local\Temp\VMBuilds\LoRa_Roll_Film\stm32_genericSTM32F103R\Release/core.a(Print.cpp.o)
                0x08006dd0                Print::print(int, int)
 .text._ZN5Print5printEyi
                0x08006de2       0x1c C:\Users\Administrator\AppData\Local\Temp\VMBuilds\LoRa_Roll_Film\stm32_genericSTM32F103R\Release/core.a(Print.cpp.o)
                0x08006de2                Print::print(unsigned long long, int)
 .text._ZN5Print5printEhi
                0x08006dfe       0x12 C:\Users\Administrator\AppData\Local\Temp\VMBuilds\LoRa_Roll_Film\stm32_genericSTM32F103R\Release/core.a(Print.cpp.o)
                0x08006dfe                Print::print(unsigned char, int)
 .text._ZN5Print7printlnEhi
                0x08006e10       0x14 C:\Users\Administrator\AppData\Local\Temp\VMBuilds\LoRa_Roll_Film\stm32_genericSTM32F103R\Release/core.a(Print.cpp.o)
                0x08006e10                Print::println(unsigned char, int)
 .text._ZN5Print5printEji
                0x08006e24       0x12 C:\Users\Administrator\AppData\Local\Temp\VMBuilds\LoRa_Roll_Film\stm32_genericSTM32F103R\Release/core.a(Print.cpp.o)
                0x08006e24                Print::print(unsigned int, int)
 .text._ZN5Print7printlnEji
                0x08006e36       0x14 C:\Users\Administrator\AppData\Local\Temp\VMBuilds\LoRa_Roll_Film\stm32_genericSTM32F103R\Release/core.a(Print.cpp.o)
                0x08006e36                Print::println(unsigned int, int)
 *fill*         0x08006e4a        0x6 
 .text._ZN5Print10printFloatEdh
                0x08006e50      0x158 C:\Users\Administrator\AppData\Local\Temp\VMBuilds\LoRa_Roll_Film\stm32_genericSTM32F103R\Release/core.a(Print.cpp.o)
                0x08006e50                Print::printFloat(double, unsigned char)
 .text._ZN5Print7printlnEdi
                0x08006fa8       0x1c C:\Users\Administrator\AppData\Local\Temp\VMBuilds\LoRa_Roll_Film\stm32_genericSTM32F103R\Release/core.a(Print.cpp.o)
                0x08006fa8                Print::println(double, int)
 .text._Z10analogReadh
                0x08006fc4       0x1c C:\Users\Administrator\AppData\Local\Temp\VMBuilds\LoRa_Roll_Film\stm32_genericSTM32F103R\Release/core.a(wirish_analog.cpp.o)
                0x08006fc4                analogRead(unsigned char)
 .text._Z11digitalReadh
                0x08006fe0       0x2c C:\Users\Administrator\AppData\Local\Temp\VMBuilds\LoRa_Roll_Film\stm32_genericSTM32F103R\Release/core.a(wirish_digital.cpp.o)
                0x08006fe0                digitalRead(unsigned char)
 .text._Z12digitalWritehh
                0x0800700c       0x2c C:\Users\Administrator\AppData\Local\Temp\VMBuilds\LoRa_Roll_Film\stm32_genericSTM32F103R\Release/core.a(wirish_digital.cpp.o)
                0x0800700c                digitalWrite(unsigned char, unsigned char)
 .text._Z6randoml
                0x08007038       0x16 C:\Users\Administrator\AppData\Local\Temp\VMBuilds\LoRa_Roll_Film\stm32_genericSTM32F103R\Release/core.a(wirish_math.cpp.o)
                0x08007038                random(long)
 .text._Z6randomll
                0x0800704e       0x14 C:\Users\Administrator\AppData\Local\Temp\VMBuilds\LoRa_Roll_Film\stm32_genericSTM32F103R\Release/core.a(wirish_math.cpp.o)
                0x0800704e                random(long, long)
 *fill*         0x08007062        0x2 
 .text._Z5delaym
                0x08007064       0x1c C:\Users\Administrator\AppData\Local\Temp\VMBuilds\LoRa_Roll_Film\stm32_genericSTM32F103R\Release/core.a(wirish_time.cpp.o)
                0x08007064                delay(unsigned long)
 .text._Z17delayMicrosecondsm
                0x08007080        0xe C:\Users\Administrator\AppData\Local\Temp\VMBuilds\LoRa_Roll_Film\stm32_genericSTM32F103R\Release/core.a(wirish_time.cpp.o)
                0x08007080                delayMicroseconds(unsigned long)
 *fill*         0x0800708e        0x2 
 .text._Z7pinModeh13WiringPinMode
                0x08007090       0x84 C:\Users\Administrator\AppData\Local\Temp\VMBuilds\LoRa_Roll_Film\stm32_genericSTM32F103R\Release/core.a(wirish_digital_f1.cpp.o)
                0x08007090                pinMode(unsigned char, WiringPinMode)
 .text.__empty  0x08007114        0x2 C:\Users\Administrator\AppData\Local\Temp\VMBuilds\LoRa_Roll_Film\stm32_genericSTM32F103R\Release/core.a(hooks.c.o)
                0x08007114                yield
 *fill*         0x08007116        0x2 
 .text.exti_attach_callback
                0x08007118       0xac C:\Users\Administrator\AppData\Local\Temp\VMBuilds\LoRa_Roll_Film\stm32_genericSTM32F103R\Release/core.a(exti.c.o)
                0x08007118                exti_attach_callback
 .text.exti_attach_interrupt
                0x080071c4       0x10 C:\Users\Administrator\AppData\Local\Temp\VMBuilds\LoRa_Roll_Film\stm32_genericSTM32F103R\Release/core.a(exti.c.o)
                0x080071c4                exti_attach_interrupt
 .text.exti_detach_interrupt
                0x080071d4       0x28 C:\Users\Administrator\AppData\Local\Temp\VMBuilds\LoRa_Roll_Film\stm32_genericSTM32F103R\Release/core.a(exti.c.o)
                0x080071d4                exti_detach_interrupt
 .text.exti_do_select
                0x080071fc       0x1a C:\Users\Administrator\AppData\Local\Temp\VMBuilds\LoRa_Roll_Film\stm32_genericSTM32F103R\Release/core.a(exti.c.o)
                0x080071fc                exti_do_select
 *fill*         0x08007216        0x2 
 .text.__irq_exti0
                0x08007218       0x20 C:\Users\Administrator\AppData\Local\Temp\VMBuilds\LoRa_Roll_Film\stm32_genericSTM32F103R\Release/core.a(exti.c.o)
                0x08007218                __irq_exti0
 .text.__irq_exti1
                0x08007238       0x20 C:\Users\Administrator\AppData\Local\Temp\VMBuilds\LoRa_Roll_Film\stm32_genericSTM32F103R\Release/core.a(exti.c.o)
                0x08007238                __irq_exti1
 .text.__irq_exti2
                0x08007258       0x20 C:\Users\Administrator\AppData\Local\Temp\VMBuilds\LoRa_Roll_Film\stm32_genericSTM32F103R\Release/core.a(exti.c.o)
                0x08007258                __irq_exti2
 .text.__irq_exti3
                0x08007278       0x20 C:\Users\Administrator\AppData\Local\Temp\VMBuilds\LoRa_Roll_Film\stm32_genericSTM32F103R\Release/core.a(exti.c.o)
                0x08007278                __irq_exti3
 .text.__irq_exti4
                0x08007298       0x20 C:\Users\Administrator\AppData\Local\Temp\VMBuilds\LoRa_Roll_Film\stm32_genericSTM32F103R\Release/core.a(exti.c.o)
                0x08007298                __irq_exti4
 .text.__irq_exti9_5
                0x080072b8       0x44 C:\Users\Administrator\AppData\Local\Temp\VMBuilds\LoRa_Roll_Film\stm32_genericSTM32F103R\Release/core.a(exti.c.o)
                0x080072b8                __irq_exti9_5
 .text.__irq_exti15_10
                0x080072fc       0x44 C:\Users\Administrator\AppData\Local\Temp\VMBuilds\LoRa_Roll_Film\stm32_genericSTM32F103R\Release/core.a(exti.c.o)
                0x080072fc                __irq_exti15_10
 .text.exti_select
                0x08007340       0x18 C:\Users\Administrator\AppData\Local\Temp\VMBuilds\LoRa_Roll_Film\stm32_genericSTM32F103R\Release/core.a(exti_f1.c.o)
                0x08007340                exti_select
 .text.gpio_init
                0x08007358       0x14 C:\Users\Administrator\AppData\Local\Temp\VMBuilds\LoRa_Roll_Film\stm32_genericSTM32F103R\Release/core.a(gpio.c.o)
                0x08007358                gpio_init
 .text.usart_init
                0x0800736c       0x54 C:\Users\Administrator\AppData\Local\Temp\VMBuilds\LoRa_Roll_Film\stm32_genericSTM32F103R\Release/core.a(usart.c.o)
                0x0800736c                usart_init
 .text.usart_enable
                0x080073c0       0x14 C:\Users\Administrator\AppData\Local\Temp\VMBuilds\LoRa_Roll_Film\stm32_genericSTM32F103R\Release/core.a(usart.c.o)
                0x080073c0                usart_enable
 .text.usart_disable
                0x080073d4       0x38 C:\Users\Administrator\AppData\Local\Temp\VMBuilds\LoRa_Roll_Film\stm32_genericSTM32F103R\Release/core.a(usart.c.o)
                0x080073d4                usart_disable
 .text.usart_tx
                0x0800740c       0x9c C:\Users\Administrator\AppData\Local\Temp\VMBuilds\LoRa_Roll_Film\stm32_genericSTM32F103R\Release/core.a(usart.c.o)
                0x0800740c                usart_tx
 .text.usart_putudec
                0x080074a8       0x44 C:\Users\Administrator\AppData\Local\Temp\VMBuilds\LoRa_Roll_Film\stm32_genericSTM32F103R\Release/core.a(usart.c.o)
                0x080074a8                usart_putudec
 .text          0x080074ec      0x370 c:/users/administrator/appdata/local/arduino15/packages/arduino/tools/arm-none-eabi-gcc/4.8.3-2014q1/bin/../lib/gcc/arm-none-eabi/4.8.3/armv7-m\libgcc.a(_arm_addsubdf3.o)
                0x080074ec                __aeabi_drsub
                0x080074f4                __aeabi_dsub
                0x080074f4                __subdf3
                0x080074f8                __aeabi_dadd
                0x080074f8                __adddf3
                0x08007770                __floatunsidf
                0x08007770                __aeabi_ui2d
                0x08007790                __floatsidf
                0x08007790                __aeabi_i2d
                0x080077b4                __aeabi_f2d
                0x080077b4                __extendsfdf2
                0x080077f0                __floatundidf
                0x080077f0                __aeabi_ul2d
                0x08007800                __floatdidf
                0x08007800                __aeabi_l2d
 .text          0x0800785c      0x424 c:/users/administrator/appdata/local/arduino15/packages/arduino/tools/arm-none-eabi-gcc/4.8.3-2014q1/bin/../lib/gcc/arm-none-eabi/4.8.3/armv7-m\libgcc.a(_arm_muldivdf3.o)
                0x0800785c                __aeabi_dmul
                0x0800785c                __muldf3
                0x08007ab0                __divdf3
                0x08007ab0                __aeabi_ddiv
 .text          0x08007c80      0x110 c:/users/administrator/appdata/local/arduino15/packages/arduino/tools/arm-none-eabi-gcc/4.8.3-2014q1/bin/../lib/gcc/arm-none-eabi/4.8.3/armv7-m\libgcc.a(_arm_cmpdf2.o)
                0x08007c80                __gtdf2
                0x08007c80                __gedf2
                0x08007c88                __ltdf2
                0x08007c88                __ledf2
                0x08007c90                __nedf2
                0x08007c90                __eqdf2
                0x08007c90                __cmpdf2
                0x08007d0c                __aeabi_cdrcmple
                0x08007d1c                __aeabi_cdcmpeq
                0x08007d1c                __aeabi_cdcmple
                0x08007d2c                __aeabi_dcmpeq
                0x08007d40                __aeabi_dcmplt
                0x08007d54                __aeabi_dcmple
                0x08007d68                __aeabi_dcmpge
                0x08007d7c                __aeabi_dcmpgt
 .text          0x08007d90       0x50 c:/users/administrator/appdata/local/arduino15/packages/arduino/tools/arm-none-eabi-gcc/4.8.3-2014q1/bin/../lib/gcc/arm-none-eabi/4.8.3/armv7-m\libgcc.a(_arm_fixdfsi.o)
                0x08007d90                __aeabi_d2iz
                0x08007d90                __fixdfsi
 .text          0x08007de0       0x40 c:/users/administrator/appdata/local/arduino15/packages/arduino/tools/arm-none-eabi-gcc/4.8.3-2014q1/bin/../lib/gcc/arm-none-eabi/4.8.3/armv7-m\libgcc.a(_arm_fixunsdfsi.o)
                0x08007de0                __aeabi_d2uiz
                0x08007de0                __fixunsdfsi
 .text          0x08007e20       0xa0 c:/users/administrator/appdata/local/arduino15/packages/arduino/tools/arm-none-eabi-gcc/4.8.3-2014q1/bin/../lib/gcc/arm-none-eabi/4.8.3/armv7-m\libgcc.a(_arm_truncdfsf2.o)
                0x08007e20                __truncdfsf2
                0x08007e20                __aeabi_d2f
 .text          0x08007ec0      0x21c c:/users/administrator/appdata/local/arduino15/packages/arduino/tools/arm-none-eabi-gcc/4.8.3-2014q1/bin/../lib/gcc/arm-none-eabi/4.8.3/armv7-m\libgcc.a(_arm_addsubsf3.o)
                0x08007ec0                __aeabi_frsub
                0x08007ec8                __subsf3
                0x08007ec8                __aeabi_fsub
                0x08007ecc                __aeabi_fadd
                0x08007ecc                __addsf3
                0x0800802c                __aeabi_ui2f
                0x0800802c                __floatunsisf
                0x08008034                __aeabi_i2f
                0x08008034                __floatsisf
                0x08008050                __aeabi_ul2f
                0x08008050                __floatundisf
                0x08008060                __aeabi_l2f
                0x08008060                __floatdisf
 .text          0x080080dc      0x2a0 c:/users/administrator/appdata/local/arduino15/packages/arduino/tools/arm-none-eabi-gcc/4.8.3-2014q1/bin/../lib/gcc/arm-none-eabi/4.8.3/armv7-m\libgcc.a(_arm_muldivsf3.o)
                0x080080dc                __mulsf3
                0x080080dc                __aeabi_fmul
                0x08008244                __aeabi_fdiv
                0x08008244                __divsf3
 .text          0x0800837c       0xec c:/users/administrator/appdata/local/arduino15/packages/arduino/tools/arm-none-eabi-gcc/4.8.3-2014q1/bin/../lib/gcc/arm-none-eabi/4.8.3/armv7-m\libgcc.a(_arm_cmpsf2.o)
                0x0800837c                __gesf2
                0x0800837c                __gtsf2
                0x08008384                __lesf2
                0x08008384                __ltsf2
                0x0800838c                __nesf2
                0x0800838c                __eqsf2
                0x0800838c                __cmpsf2
                0x080083ec                __aeabi_cfrcmple
                0x080083f4                __aeabi_cfcmpeq
                0x080083f4                __aeabi_cfcmple
                0x08008404                __aeabi_fcmpeq
                0x08008418                __aeabi_fcmplt
                0x0800842c                __aeabi_fcmple
                0x08008440                __aeabi_fcmpge
                0x08008454                __aeabi_fcmpgt
 .text          0x08008468       0x40 c:/users/administrator/appdata/local/arduino15/packages/arduino/tools/arm-none-eabi-gcc/4.8.3-2014q1/bin/../lib/gcc/arm-none-eabi/4.8.3/armv7-m\libgcc.a(_arm_fixunssfsi.o)
                0x08008468                __fixunssfsi
                0x08008468                __aeabi_f2uiz
 .text          0x080084a8       0x2c c:/users/administrator/appdata/local/arduino15/packages/arduino/tools/arm-none-eabi-gcc/4.8.3-2014q1/bin/../lib/gcc/arm-none-eabi/4.8.3/armv7-m\libgcc.a(_aeabi_uldivmod.o)
                0x080084a8                __aeabi_uldivmod
 .text          0x080084d4       0x30 c:/users/administrator/appdata/local/arduino15/packages/arduino/tools/arm-none-eabi-gcc/4.8.3-2014q1/bin/../lib/gcc/arm-none-eabi/4.8.3/armv7-m\libgcc.a(_fixdfdi.o)
                0x080084d4                __fixdfdi
                0x080084d4                __aeabi_d2lz
 .text          0x08008504       0x44 c:/users/administrator/appdata/local/arduino15/packages/arduino/tools/arm-none-eabi-gcc/4.8.3-2014q1/bin/../lib/gcc/arm-none-eabi/4.8.3/armv7-m\libgcc.a(_fixunsdfdi.o)
                0x08008504                __fixunsdfdi
                0x08008504                __aeabi_d2ulz
 .text          0x08008548       0x60 c:/users/administrator/appdata/local/arduino15/packages/arduino/tools/arm-none-eabi-gcc/4.8.3-2014q1/bin/../lib/gcc/arm-none-eabi/4.8.3/armv7-m\libgcc.a(bpabi.o)
                0x08008548                __gnu_ldivmod_helper
                0x08008578                __gnu_uldivmod_helper
 .text          0x080085a8        0x4 c:/users/administrator/appdata/local/arduino15/packages/arduino/tools/arm-none-eabi-gcc/4.8.3-2014q1/bin/../lib/gcc/arm-none-eabi/4.8.3/armv7-m\libgcc.a(_dvmd_tls.o)
                0x080085a8                __aeabi_idiv0
                0x080085a8                __aeabi_ldiv0
 .text          0x080085ac      0x2a0 c:/users/administrator/appdata/local/arduino15/packages/arduino/tools/arm-none-eabi-gcc/4.8.3-2014q1/bin/../lib/gcc/arm-none-eabi/4.8.3/armv7-m\libgcc.a(_divdi3.o)
                0x080085ac                __divdi3
 .text          0x0800884c      0x290 c:/users/administrator/appdata/local/arduino15/packages/arduino/tools/arm-none-eabi-gcc/4.8.3-2014q1/bin/../lib/gcc/arm-none-eabi/4.8.3/armv7-m\libgcc.a(_udivdi3.o)
                0x0800884c                __udivdi3
 .text.exit     0x08008adc       0x20 c:/users/administrator/appdata/local/arduino15/packages/arduino/tools/arm-none-eabi-gcc/4.8.3-2014q1/bin/../lib/gcc/arm-none-eabi/4.8.3/../../../../arm-none-eabi/lib/armv7-m\libc.a(lib_a-exit.o)
                0x08008adc                exit
 .text.__libc_init_array
                0x08008afc       0x50 c:/users/administrator/appdata/local/arduino15/packages/arduino/tools/arm-none-eabi-gcc/4.8.3-2014q1/bin/../lib/gcc/arm-none-eabi/4.8.3/../../../../arm-none-eabi/lib/armv7-m\libc.a(lib_a-init.o)
                0x08008afc                __libc_init_array
 .text.memset   0x08008b4c       0x94 c:/users/administrator/appdata/local/arduino15/packages/arduino/tools/arm-none-eabi-gcc/4.8.3-2014q1/bin/../lib/gcc/arm-none-eabi/4.8.3/../../../../arm-none-eabi/lib/armv7-m\libc.a(lib_a-memset.o)
                0x08008b4c                memset
 .text.rand     0x08008be0       0x40 c:/users/administrator/appdata/local/arduino15/packages/arduino/tools/arm-none-eabi-gcc/4.8.3-2014q1/bin/../lib/gcc/arm-none-eabi/4.8.3/../../../../arm-none-eabi/lib/armv7-m\libc.a(lib_a-rand.o)
                0x08008be0                rand
 .text.startup.register_fini
                0x08008c20       0x14 c:/users/administrator/appdata/local/arduino15/packages/arduino/tools/arm-none-eabi-gcc/4.8.3-2014q1/bin/../lib/gcc/arm-none-eabi/4.8.3/../../../../arm-none-eabi/lib/armv7-m\libc.a(lib_a-__call_atexit.o)
 .text.__call_exitprocs
                0x08008c34       0xf0 c:/users/administrator/appdata/local/arduino15/packages/arduino/tools/arm-none-eabi-gcc/4.8.3-2014q1/bin/../lib/gcc/arm-none-eabi/4.8.3/../../../../arm-none-eabi/lib/armv7-m\libc.a(lib_a-__call_atexit.o)
                0x08008c34                __call_exitprocs
 .text.atexit   0x08008d24        0xc c:/users/administrator/appdata/local/arduino15/packages/arduino/tools/arm-none-eabi-gcc/4.8.3-2014q1/bin/../lib/gcc/arm-none-eabi/4.8.3/../../../../arm-none-eabi/lib/armv7-m\libc.a(lib_a-atexit.o)
                0x08008d24                atexit
 .text.__libc_fini_array
                0x08008d30       0x30 c:/users/administrator/appdata/local/arduino15/packages/arduino/tools/arm-none-eabi-gcc/4.8.3-2014q1/bin/../lib/gcc/arm-none-eabi/4.8.3/../../../../arm-none-eabi/lib/armv7-m\libc.a(lib_a-fini.o)
                0x08008d30                __libc_fini_array
 .text.__register_exitproc
                0x08008d60       0xa8 c:/users/administrator/appdata/local/arduino15/packages/arduino/tools/arm-none-eabi-gcc/4.8.3-2014q1/bin/../lib/gcc/arm-none-eabi/4.8.3/../../../../arm-none-eabi/lib/armv7-m\libc.a(lib_a-__atexit.o)
                0x08008d60                __register_exitproc
 *(.plt)
 *(.gnu.warning)
 *(.glue_7t)
 .glue_7t       0x00000000        0x0 linker stubs
 *(.glue_7)
 .glue_7        0x00000000        0x0 linker stubs
 *(.vfp11_veneer)
 .vfp11_veneer  0x00000000        0x0 linker stubs
 *(.ARM.extab* .gnu.linkonce.armextab.*)
 *(.gcc_except_table)
 *(.eh_frame_hdr)
 *(.eh_frame)
 .eh_frame      0x08008e08        0x0 c:/users/administrator/appdata/local/arduino15/packages/arduino/tools/arm-none-eabi-gcc/4.8.3-2014q1/bin/../lib/gcc/arm-none-eabi/4.8.3/armv7-m/crtbegin.o
                0x08008e08                . = ALIGN (0x4)
 *(.init)
 .init          0x08008e08        0x4 c:/users/administrator/appdata/local/arduino15/packages/arduino/tools/arm-none-eabi-gcc/4.8.3-2014q1/bin/../lib/gcc/arm-none-eabi/4.8.3/armv7-m/crti.o
                0x08008e08                _init
 .init          0x08008e0c        0x8 c:/users/administrator/appdata/local/arduino15/packages/arduino/tools/arm-none-eabi-gcc/4.8.3-2014q1/bin/../lib/gcc/arm-none-eabi/4.8.3/armv7-m/crtn.o
                0x08008e14                . = ALIGN (0x4)
                0x08008e14                __preinit_array_start = .
 *(.preinit_array)
                0x08008e14                __preinit_array_end = .
                0x08008e14                . = ALIGN (0x4)
                0x08008e14                __init_array_start = .
 *(SORT(.init_array.*))
 .init_array.00000
                0x08008e14        0x4 c:/users/administrator/appdata/local/arduino15/packages/arduino/tools/arm-none-eabi-gcc/4.8.3-2014q1/bin/../lib/gcc/arm-none-eabi/4.8.3/../../../../arm-none-eabi/lib/armv7-m\libc.a(lib_a-__call_atexit.o)
 .init_array.00101
                0x08008e18        0x4 C:\Users\Administrator\AppData\Local\Temp\VMBuilds\LoRa_Roll_Film\stm32_genericSTM32F103R\Release/core.a(main.cpp.o)
 *(.init_array)
 .init_array    0x08008e1c        0x4 c:/users/administrator/appdata/local/arduino15/packages/arduino/tools/arm-none-eabi-gcc/4.8.3-2014q1/bin/../lib/gcc/arm-none-eabi/4.8.3/armv7-m/crtbegin.o
 .init_array    0x08008e20        0x4 Private_RTC.cpp.o
 .init_array    0x08008e24        0x4 C:\Users\Administrator\AppData\Local\Temp\VMBCore\arduino16x\a25b0c93d50495b56da79188cbb05a7a\variant\board.cpp.o
 .init_array    0x08008e28        0x4 C:\Users\Administrator\AppData\Local\Temp\VMBuilds\LoRa_Roll_Film\stm32_genericSTM32F103R\Release/core.a(HardwareTimer.cpp.o)
                0x08008e2c                __init_array_end = .
                0x08008e2c                . = ALIGN (0x4)
 *crtbegin.o(.ctors)
 *(EXCLUDE_FILE(*crtend.o) .ctors)
 *(SORT(.ctors.*))
 *crtend.o(.ctors)
                0x08008e2c                . = ALIGN (0x4)
 *(.fini)
 .fini          0x08008e2c        0x4 c:/users/administrator/appdata/local/arduino15/packages/arduino/tools/arm-none-eabi-gcc/4.8.3-2014q1/bin/../lib/gcc/arm-none-eabi/4.8.3/armv7-m/crti.o
                0x08008e2c                _fini
 .fini          0x08008e30        0x8 c:/users/administrator/appdata/local/arduino15/packages/arduino/tools/arm-none-eabi-gcc/4.8.3-2014q1/bin/../lib/gcc/arm-none-eabi/4.8.3/armv7-m/crtn.o
                0x08008e38                . = ALIGN (0x4)
                0x08008e38                __fini_array_start = .
 *(.fini_array)
 .fini_array    0x08008e38        0x4 c:/users/administrator/appdata/local/arduino15/packages/arduino/tools/arm-none-eabi-gcc/4.8.3-2014q1/bin/../lib/gcc/arm-none-eabi/4.8.3/armv7-m/crtbegin.o
 *(SORT(.fini_array.*))
                0x08008e3c                __fini_array_end = .
 *crtbegin.o(.dtors)
 *(EXCLUDE_FILE(*crtend.o) .dtors)
 *(SORT(.dtors.*))
 *crtend.o(.dtors)

.v4_bx          0x08008e3c        0x0
 .v4_bx         0x00000000        0x0 linker stubs

.iplt           0x08008e3c        0x0
 .iplt          0x00000000        0x0 c:/users/administrator/appdata/local/arduino15/packages/arduino/tools/arm-none-eabi-gcc/4.8.3-2014q1/bin/../lib/gcc/arm-none-eabi/4.8.3/armv7-m/crtbegin.o

.text.align     0x08008e3c        0x4
                0x08008e40                . = ALIGN (0x8)
 *fill*         0x08008e3c        0x4 
                0x08008e40                __text_end__ = .
                0x08008e40                __exidx_start = .

.ARM.exidx      0x08008e40        0x8
 *(.ARM.exidx* .gnu.linkonce.armexidx.*)
 .ARM.exidx     0x08008e40        0x8 C:\Users\Administrator\AppData\Local\Temp\VMBCore\arduino16x\a25b0c93d50495b56da79188cbb05a7a\variant\start.S.o
 .ARM.exidx     0x08008e48        0x0 c:/users/administrator/appdata/local/arduino15/packages/arduino/tools/arm-none-eabi-gcc/4.8.3-2014q1/bin/../lib/gcc/arm-none-eabi/4.8.3/armv7-m\libgcc.a(_divdi3.o)
                                  0x8 (size before relaxing)
 .ARM.exidx     0x08008e48        0x0 c:/users/administrator/appdata/local/arduino15/packages/arduino/tools/arm-none-eabi-gcc/4.8.3-2014q1/bin/../lib/gcc/arm-none-eabi/4.8.3/armv7-m\libgcc.a(_udivdi3.o)
                                  0x8 (size before relaxing)
                0x08008e48                __exidx_end = .

.data           0x20000000     0x12f0 load address 0x08008e48
                0x20000000                __data_start__ = .
                0x20000000        0x4 LONG 0x0
                0x20000008                . = ALIGN (0x8)
 *fill*         0x20000004        0x4 
 *(.got.plt)
 *(.got)
 *(.data .data.* .gnu.linkonce.d.*)
 .data.gIsHandleMsgFlag
                0x20000008        0x1 Command_Analysis.cpp.o
                0x20000008                gIsHandleMsgFlag
 .data.gAccessNetworkFlag
                0x20000009        0x1 Command_Analysis.cpp.o
                0x20000009                gAccessNetworkFlag
 *fill*         0x2000000a        0x2 
 .data.RTC      0x2000000c        0x4 RTClock\utility\rtc_util.c.o
                0x2000000c                RTC
 .data.rtc      0x20000010       0x14 RTClock\utility\rtc_util.c.o
 .data._ZN6wirish4privL8pll_dataE
                0x20000024        0x4 C:\Users\Administrator\AppData\Local\Temp\VMBCore\arduino16x\a25b0c93d50495b56da79188cbb05a7a\variant\boards_setup.cpp.o
 .data._ZN6wirish4priv9w_adc_smpE
                0x20000028        0x1 C:\Users\Administrator\AppData\Local\Temp\VMBCore\arduino16x\a25b0c93d50495b56da79188cbb05a7a\variant\boards_setup.cpp.o
                0x20000028                wirish::priv::w_adc_smp
 *fill*         0x20000029        0x1 
 .data._ZN6wirish4priv9w_adc_preE
                0x2000002a        0x2 C:\Users\Administrator\AppData\Local\Temp\VMBCore\arduino16x\a25b0c93d50495b56da79188cbb05a7a\variant\boards_setup.cpp.o
                0x2000002a                wirish::priv::w_adc_pre
 .data._ZN6wirish4priv15w_board_pll_cfgE
                0x2000002c        0x8 C:\Users\Administrator\AppData\Local\Temp\VMBCore\arduino16x\a25b0c93d50495b56da79188cbb05a7a\variant\boards_setup.cpp.o
                0x2000002c                wirish::priv::w_board_pll_cfg
 .data.adc2     0x20000034        0x8 C:\Users\Administrator\AppData\Local\Temp\VMBuilds\LoRa_Roll_Film\stm32_genericSTM32F103R\Release/core.a(adc_f1.c.o)
                0x20000034                adc2
 .data.adc3     0x2000003c       0x18 C:\Users\Administrator\AppData\Local\Temp\VMBuilds\LoRa_Roll_Film\stm32_genericSTM32F103R\Release/core.a(adc_f1.c.o)
                0x2000003c                adc3
 .data.adc1     0x20000054       0x18 C:\Users\Administrator\AppData\Local\Temp\VMBuilds\LoRa_Roll_Film\stm32_genericSTM32F103R\Release/core.a(adc_f1.c.o)
                0x20000054                adc1
 .data.ADC2     0x2000006c        0x4 C:\Users\Administrator\AppData\Local\Temp\VMBuilds\LoRa_Roll_Film\stm32_genericSTM32F103R\Release/core.a(adc_f1.c.o)
                0x2000006c                ADC2
 .data.ADC1     0x20000070        0x4 C:\Users\Administrator\AppData\Local\Temp\VMBuilds\LoRa_Roll_Film\stm32_genericSTM32F103R\Release/core.a(adc_f1.c.o)
                0x20000070                ADC1
 .data.ADC3     0x20000074        0x4 C:\Users\Administrator\AppData\Local\Temp\VMBuilds\LoRa_Roll_Film\stm32_genericSTM32F103R\Release/core.a(adc_f1.c.o)
                0x20000074                ADC3
 .data.gpioa    0x20000078        0x8 C:\Users\Administrator\AppData\Local\Temp\VMBuilds\LoRa_Roll_Film\stm32_genericSTM32F103R\Release/core.a(gpio_f1.c.o)
                0x20000078                gpioa